Component: ARM Compiler 5.06 update 6 (build 750) Tool: armlink [4d35ed]

==============================================================================

Section Cross References

    startup_stm32f407xx.o(RESET) refers to startup_stm32f407xx.o(STACK) for __initial_sp
    startup_stm32f407xx.o(RESET) refers to startup_stm32f407xx.o(.text) for Reset_Handler
    startup_stm32f407xx.o(RESET) refers to stm32f4xx_it.o(.text) for NMI_Handler
    startup_stm32f407xx.o(.text) refers to system_stm32f4xx.o(.text) for SystemInit
    startup_stm32f407xx.o(.text) refers to entry.o(.ARM.Collect$$$$00000000) for __main
    reorientation_1.o(.text) refers to f2d.o(.text) for __aeabi_f2d
    reorientation_1.o(.text) refers to sqrt.o(i.__hardfp_sqrt) for __hardfp_sqrt
    reorientation_1.o(.text) refers to d2f.o(.text) for __aeabi_d2f
    reorientation_1.o(.text) refers to acos.o(i.__hardfp_acos) for __hardfp_acos
    reorientation_1.o(.text) refers to cos.o(i.__hardfp_cos) for __hardfp_cos
    reorientation_1.o(.text) refers to sin.o(i.__hardfp_sin) for __hardfp_sin
    reorientation_1.o(.text) refers to dmul.o(.text) for __aeabi_dmul
    reorientation_1.o(.text) refers to ddiv.o(.text) for __aeabi_ddiv
    reorientation_1.o(.text) refers to reorientation_1.o(.data) for .data
    stm32f4xx_hal_pcd.o(.text) refers to usbd_conf.o(.text) for HAL_PCD_MspInit
    stm32f4xx_hal_pcd.o(.text) refers to stm32f4xx_ll_usb.o(.text) for USB_DisableGlobalInt
    stm32f4xx_hal_pcd.o(.text) refers to memcpya.o(.text) for __aeabi_memcpy4
    stm32f4xx_hal_pcd.o(.text) refers to stm32f4xx_hal_rcc.o(.text) for HAL_RCC_GetHCLKFreq
    stm32f4xx_ll_usb.o(.text) refers to stm32f4xx_hal.o(.text) for HAL_Delay
    stm32f4xx_ll_usb.o(.text) refers to stm32f4xx_ll_usb.o(.data) for .data
    stm32f4xx_hal_adc.o(.text) refers to stm32f4xx_hal_msp.o(.text) for HAL_ADC_MspInit
    stm32f4xx_hal_adc.o(.text) refers to stm32f4xx_hal.o(.text) for HAL_GetTick
    stm32f4xx_hal_adc.o(.text) refers to system_stm32f4xx.o(.data) for SystemCoreClock
    stm32f4xx_hal_adc.o(.text) refers to stm32f4xx_hal_adc_ex.o(.text) for HAL_ADCEx_InjectedConvCpltCallback
    stm32f4xx_hal_adc.o(.text) refers to stm32f4xx_hal_dma.o(.text) for HAL_DMA_Start_IT
    stm32f4xx_hal_adc_ex.o(.text) refers to stm32f4xx_hal.o(.text) for HAL_GetTick
    stm32f4xx_hal_adc_ex.o(.text) refers to stm32f4xx_hal_adc.o(.text) for HAL_ADC_ErrorCallback
    stm32f4xx_hal_adc_ex.o(.text) refers to system_stm32f4xx.o(.data) for SystemCoreClock
    stm32f4xx_hal_adc_ex.o(.text) refers to stm32f4xx_hal_dma.o(.text) for HAL_DMA_Start_IT
    stm32f4xx_hal_dac.o(.text) refers to stm32f4xx_hal_msp.o(.text) for HAL_DAC_MspInit
    stm32f4xx_hal_dac.o(.text) refers to stm32f4xx_hal_dma.o(.text) for HAL_DMA_Start_IT
    stm32f4xx_hal_dac.o(.text) refers to stm32f4xx_hal_dac_ex.o(.text) for HAL_DACEx_DMAUnderrunCallbackCh2
    stm32f4xx_hal_i2c.o(.text) refers to stm32f4xx_hal_msp.o(.text) for HAL_I2C_MspInit
    stm32f4xx_hal_i2c.o(.text) refers to stm32f4xx_hal_rcc.o(.text) for HAL_RCC_GetPCLK1Freq
    stm32f4xx_hal_i2c.o(.text) refers to stm32f4xx_hal.o(.text) for HAL_GetTick
    stm32f4xx_hal_i2c.o(.text) refers to system_stm32f4xx.o(.data) for SystemCoreClock
    stm32f4xx_hal_i2c.o(.text) refers to stm32f4xx_hal_dma.o(.text) for HAL_DMA_GetError
    stm32f4xx_hal_tim.o(.text) refers to stm32f4xx_hal_msp.o(.text) for HAL_TIM_Base_MspInit
    stm32f4xx_hal_tim.o(.text) refers to stm32f4xx_hal_dma.o(.text) for HAL_DMA_Start_IT
    stm32f4xx_hal_tim.o(.text) refers to stm32f4xx_hal_tim_ex.o(.text) for HAL_TIMEx_BreakCallback
    stm32f4xx_hal_tim_ex.o(.text) refers to stm32f4xx_hal_tim.o(.text) for TIM_Base_SetConfig
    stm32f4xx_hal_tim_ex.o(.text) refers to stm32f4xx_hal_dma.o(.text) for HAL_DMA_Start_IT
    stm32f4xx_hal_rcc.o(.text) refers to stm32f4xx_hal.o(.text) for HAL_GetTick
    stm32f4xx_hal_rcc.o(.text) refers to uldiv.o(.text) for __aeabi_uldivmod
    stm32f4xx_hal_rcc.o(.text) refers to stm32f4xx_hal_gpio.o(.text) for HAL_GPIO_Init
    stm32f4xx_hal_rcc.o(.text) refers to system_stm32f4xx.o(.constdata) for AHBPrescTable
    stm32f4xx_hal_rcc.o(.text) refers to system_stm32f4xx.o(.data) for SystemCoreClock
    stm32f4xx_hal_rcc.o(.text) refers to system_stm32f4xx.o(.constdata) for APBPrescTable
    stm32f4xx_hal_rcc_ex.o(.text) refers to stm32f4xx_hal.o(.text) for HAL_GetTick
    stm32f4xx_hal_rcc_ex.o(.text) refers to system_stm32f4xx.o(.data) for SystemCoreClock
    stm32f4xx_hal_flash.o(.text) refers to stm32f4xx_hal.o(.text) for HAL_GetTick
    stm32f4xx_hal_flash.o(.text) refers to stm32f4xx_hal_flash_ex.o(.text) for FLASH_Erase_Sector
    stm32f4xx_hal_flash.o(.text) refers to stm32f4xx_hal_flash.o(.bss) for .bss
    stm32f4xx_hal_flash_ex.o(.text) refers to stm32f4xx_hal_flash.o(.text) for FLASH_WaitForLastOperation
    stm32f4xx_hal_flash_ex.o(.text) refers to stm32f4xx_hal_flash.o(.bss) for pFlash
    stm32f4xx_hal_dma.o(.text) refers to stm32f4xx_hal.o(.text) for HAL_GetTick
[...]
    DMA2_Stream2_IRQHandler                  0x080001b7   Thumb Code     0  startup_stm32f407xx.o(.text)
    DMA2_Stream3_IRQHandler                  0x080001b7   Thumb Code     0  startup_stm32f407xx.o(.text)
    DMA2_Stream4_IRQHandler                  0x080001b7   Thumb Code     0  startup_stm32f407xx.o(.text)
    DMA2_Stream5_IRQHandler                  0x080001b7   Thumb Code     0  startup_stm32f407xx.o(.text)
    DMA2_Stream6_IRQHandler                  0x080001b7   Thumb Code     0  startup_stm32f407xx.o(.text)
    DMA2_Stream7_IRQHandler                  0x080001b7   Thumb Code     0  startup_stm32f407xx.o(.text)
    ETH_IRQHandler                           0x080001b7   Thumb Code     0  startup_stm32f407xx.o(.text)
    ETH_WKUP_IRQHandler                      0x080001b7   Thumb Code     0  startup_stm32f407xx.o(.text)
    EXTI0_IRQHandler                         0x080001b7   Thumb Code     0  startup_stm32f407xx.o(.text)
    EXTI15_10_IRQHandler                     0x080001b7   Thumb Code     0  startup_stm32f407xx.o(.text)
    EXTI1_IRQHandler                         0x080001b7   Thumb Code     0  startup_stm32f407xx.o(.text)
    EXTI2_IRQHandler                         0x080001b7   Thumb Code     0  startup_stm32f407xx.o(.text)
    EXTI3_IRQHandler                         0x080001b7   Thumb Code     0  startup_stm32f407xx.o(.text)
    EXTI4_IRQHandler                         0x080001b7   Thumb Code     0  startup_stm32f407xx.o(.text)
    EXTI9_5_IRQHandler                       0x080001b7   Thumb Code     0  startup_stm32f407xx.o(.text)
    FLASH_IRQHandler                         0x080001b7   Thumb Code     0  startup_stm32f407xx.o(.text)
    FMC_IRQHandler                           0x080001b7   Thumb Code     0  startup_stm32f407xx.o(.text)
    FPU_IRQHandler                           0x080001b7   Thumb Code     0  startup_stm32f407xx.o(.text)
    HASH_RNG_IRQHandler                      0x080001b7   Thumb Code     0  startup_stm32f407xx.o(.text)
    I2C1_ER_IRQHandler                       0x080001b7   Thumb Code     0  startup_stm32f407xx.o(.text)
    I2C1_EV_IRQHandler                       0x080001b7   Thumb Code     0  startup_stm32f407xx.o(.text)
    I2C2_ER_IRQHandler                       0x080001b7   Thumb Code     0  startup_stm32f407xx.o(.text)
    I2C2_EV_IRQHandler                       0x080001b7   Thumb Code     0  startup_stm32f407xx.o(.text)
    I2C3_ER_IRQHandler                       0x080001b7   Thumb Code     0  startup_stm32f407xx.o(.text)
    I2C3_EV_IRQHandler                       0x080001b7   Thumb Code     0  startup_stm32f407xx.o(.text)
    OTG_FS_WKUP_IRQHandler                   0x080001b7   Thumb Code     0  startup_stm32f407xx.o(.text)
    OTG_HS_EP1_IN_IRQHandler                 0x080001b7   Thumb Code     0  startup_stm32f407xx.o(.text)
    OTG_HS_EP1_OUT_IRQHandler                0x080001b7   Thumb Code     0  startup_stm32f407xx.o(.text)
    OTG_HS_IRQHandler                        0x080001b7   Thumb Code     0  startup_stm32f407xx.o(.text)
    OTG_HS_WKUP_IRQHandler                   0x080001b7   Thumb Code     0  startup_stm32f407xx.o(.text)
    PVD_IRQHandler                           0x080001b7   Thumb Code     0  startup_stm32f407xx.o(.text)
    RCC_IRQHandler                           0x080001b7   Thumb Code     0  startup_stm32f407xx.o(.text)
    RTC_Alarm_IRQHandler                     0x080001b7   Thumb Code     0  startup_stm32f407xx.o(.text)
    RTC_WKUP_IRQHandler                      0x080001b7   Thumb Code     0  startup_stm32f407xx.o(.text)
    SDIO_IRQHandler                          0x080001b7   Thumb Code     0  startup_stm32f407xx.o(.text)
    SPI1_IRQHandler                          0x080001b7   Thumb Code     0  startup_stm32f407xx.o(.text)
    SPI2_IRQHandler                          0x080001b7   Thumb Code     0  startup_stm32f407xx.o(.text)
    SPI3_IRQHandler                          0x080001b7   Thumb Code     0  startup_stm32f407xx.o(.text)
    TAMP_STAMP_IRQHandler                    0x080001b7   Thumb Code     0  startup_stm32f407xx.o(.text)
    TIM1_BRK_TIM9_IRQHandler                 0x080001b7   Thumb Code     0  startup_stm32f407xx.o(.text)
    TIM1_CC_IRQHandler                       0x080001b7   Thumb Code     0  startup_stm32f407xx.o(.text)
    TIM1_TRG_COM_TIM11_IRQHandler            0x080001b7   Thumb Code     0  startup_stm32f407xx.o(.text)
    TIM1_UP_TIM10_IRQHandler                 0x080001b7   Thumb Code     0  startup_stm32f407xx.o(.text)
    TIM5_IRQHandler                          0x080001b7   Thumb Code     0  startup_stm32f407xx.o(.text)
    TIM6_DAC_IRQHandler                      0x080001b7   Thumb Code     0  startup_stm32f407xx.o(.text)
    TIM7_IRQHandler                          0x080001b7   Thumb Code     0  startup_stm32f407xx.o(.text)
    TIM8_BRK_TIM12_IRQHandler                0x080001b7   Thumb Code     0  startup_stm32f407xx.o(.text)
    TIM8_CC_IRQHandler                       0x080001b7   Thumb Code     0  startup_stm32f407xx.o(.text)
    TIM8_TRG_COM_TIM14_IRQHandler            0x080001b7   Thumb Code     0  startup_stm32f407xx.o(.text)
    TIM8_UP_TIM13_IRQHandler                 0x080001b7   Thumb Code     0  startup_stm32f407xx.o(.text)
    UART4_IRQHandler                         0x080001b7   Thumb Code     0  startup_stm32f407xx.o(.text)
    UART5_IRQHandler                         0x080001b7   Thumb Code     0  startup_stm32f407xx.o(.text)
    USART2_IRQHandler                        0x080001b7   Thumb Code     0  startup_stm32f407xx.o(.text)
    USART3_IRQHandler                        0x080001b7   Thumb Code     0  startup_stm32f407xx.o(.text)
    USART6_IRQHandler                        0x080001b7   Thumb Code     0  startup_stm32f407xx.o(.text)
    WWDG_IRQHandler                          0x080001b7   Thumb Code     0  startup_stm32f407xx.o(.text)
    Reorientation_by_quaternion              0x080001c1   Thumb Code   176  reorientation_1.o(.text)
    setReorientationParam                    0x08000271   Thumb Code   492  reorientation_1.o(.text)
    HAL_PCD_Init                             0x08000467   Thumb Code   186  stm32f4xx_hal_pcd.o(.text)
    HAL_PCD_Stop                             0x08000523   Thumb Code    48  stm32f4xx_hal_pcd.o(.text)
    HAL_PCD_DeInit                           0x08000553   Thumb Code    38  stm32f4xx_hal_pcd.o(.text)
    HAL_PCD_Start                            0x08000579   Thumb Code    42  stm32f4xx_hal_pcd.o(.text)
    HAL_PCD_IRQHandler                       0x08000643   Thumb Code  1214  stm32f4xx_hal_pcd.o(.text)
    HAL_PCD_DevConnect                       0x08000b01   Thumb Code    36  stm32f4xx_hal_pcd.o(.text)
    HAL_PCD_DevDisconnect                    0x08000b25   Thumb Code    36  stm32f4xx_hal_pcd.o(.text)
    HAL_PCD_SetAddress                       0x08000b49   Thumb Code    36  stm32f4xx_hal_pcd.o(.text)
    HAL_PCD_EP_Open                          0x08000b6d   Thumb Code    84  stm32f4xx_hal_pcd.o(.text)
    HAL_PCD_EP_Close                         0x08000bc1   Thumb Code    68  stm32f4xx_hal_pcd.o(.text)
    HAL_PCD_EP_Receive                       0x08000c05   Thumb Code    66  stm32f4xx_hal_pcd.o(.text)
    HAL_PCD_EP_GetRxCount                    0x08000c47   Thumb Code    20  stm32f4xx_hal_pcd.o(.text)
    HAL_PCD_EP_Transmit                      0x08000c5b   Thumb Code    66  stm32f4xx_hal_pcd.o(.text)
    HAL_PCD_EP_SetStall                      0x08000c9d   Thumb Code   168  stm32f4xx_hal_pcd.o(.text)
    HAL_PCD_EP_ClrStall                      0x08000d45   Thumb Code    80  stm32f4xx_hal_pcd.o(.text)
    HAL_PCD_EP_Flush                         0x08000d95   Thumb Code    52  stm32f4xx_hal_pcd.o(.text)
    HAL_PCD_ActivateRemoteWakeup             0x08000dc9   Thumb Code    26  stm32f4xx_hal_pcd.o(.text)
    HAL_PCD_DeActivateRemoteWakeup           0x08000de3   Thumb Code    18  stm32f4xx_hal_pcd.o(.text)
    HAL_PCD_GetState                         0x08000df5   Thumb Code     6  stm32f4xx_hal_pcd.o(.text)
    HAL_PCDEx_SetTxFiFo                      0x08000dfb   Thumb Code    66  stm32f4xx_hal_pcd_ex.o(.text)
    HAL_PCDEx_SetRxFiFo                      0x08000e3d   Thumb Code     8  stm32f4xx_hal_pcd_ex.o(.text)
    USB_CoreInit                             0x08000e77   Thumb Code   110  stm32f4xx_ll_usb.o(.text)
    USB_EnableGlobalInt                      0x08000ee5   Thumb Code    12  stm32f4xx_ll_usb.o(.text)
    USB_DisableGlobalInt                     0x08000ef1   Thumb Code    12  stm32f4xx_ll_usb.o(.text)
    USB_SetCurrentMode                       0x08000efd   Thumb Code    46  stm32f4xx_ll_usb.o(.text)
    USB_FlushRxFifo                          0x08000f2b   Thumb Code    28  stm32f4xx_ll_usb.o(.text)
    USB_FlushTxFifo                          0x08000f47   Thumb Code    32  stm32f4xx_ll_usb.o(.text)
    USB_SetDevSpeed                          0x08000f67   Thumb Code    14  stm32f4xx_ll_usb.o(.text)
    USB_DevInit                              0x08000f75   Thumb Code   308  stm32f4xx_ll_usb.o(.text)
    USB_GetDevSpeed                          0x080010a9   Thumb Code    60  stm32f4xx_ll_usb.o(.text)
    USB_ActivateEndpoint                     0x080010e5   Thumb Code   126  stm32f4xx_ll_usb.o(.text)
    USB_ActivateDedicatedEndpoint            0x08001163   Thumb Code   242  stm32f4xx_ll_usb.o(.text)
    USB_DeactivateEndpoint                   0x08001255   Thumb Code   198  stm32f4xx_ll_usb.o(.text)
    USB_DeactivateDedicatedEndpoint          0x0800131b   Thumb Code   198  stm32f4xx_ll_usb.o(.text)
    USB_WritePacket                          0x080013e1   Thumb Code    40  stm32f4xx_ll_usb.o(.text)
    USB_EPStartXfer                          0x08001409   Thumb Code   566  stm32f4xx_ll_usb.o(.text)
    USB_EP0StartXfer                         0x0800163f   Thumb Code   334  stm32f4xx_ll_usb.o(.text)
    USB_ReadPacket                           0x0800178d   Thumb Code    32  stm32f4xx_ll_usb.o(.text)
    USB_EPSetStall                           0x080017ad   Thumb Code    94  stm32f4xx_ll_usb.o(.text)
    USB_EPClearStall                         0x0800180b   Thumb Code   100  stm32f4xx_ll_usb.o(.text)
    USB_StopDevice                           0x0800186f   Thumb Code    66  stm32f4xx_ll_usb.o(.text)
    USB_SetDevAddress                        0x080018b1   Thumb Code    30  stm32f4xx_ll_usb.o(.text)
    USB_DevConnect                           0x080018cf   Thumb Code    24  stm32f4xx_ll_usb.o(.text)
    USB_DevDisconnect                        0x080018e7   Thumb Code    24  stm32f4xx_ll_usb.o(.text)
    USB_ReadInterrupts                       0x080018ff   Thumb Code     8  stm32f4xx_ll_usb.o(.text)
    USB_ReadDevAllOutEpInterrupt             0x08001907   Thumb Code    14  stm32f4xx_ll_usb.o(.text)
    USB_ReadDevAllInEpInterrupt              0x08001915   Thumb Code    14  stm32f4xx_ll_usb.o(.text)
    USB_ReadDevOutEPInterrupt                0x08001923   Thumb Code    16  stm32f4xx_ll_usb.o(.text)
    USB_ReadDevInEPInterrupt                 0x08001933   Thumb Code    30  stm32f4xx_ll_usb.o(.text)
    USB_ClearInterrupts                      0x08001951   Thumb Code     8  stm32f4xx_ll_usb.o(.text)
    USB_GetMode                              0x08001959   Thumb Code     8  stm32f4xx_ll_usb.o(.text)
    USB_ActivateSetup                        0x08001961   Thumb Code    52  stm32f4xx_ll_usb.o(.text)
    USB_EP0_OutStart                         0x08001995   Thumb Code    56  stm32f4xx_ll_usb.o(.text)
    USB_DriveVbus                            0x080019cd   Thumb Code    58  stm32f4xx_ll_usb.o(.text)
    USB_HostInit                             0x08001a07   Thumb Code   202  stm32f4xx_ll_usb.o(.text)
    USB_InitFSLSPClkSel                      0x08001ad1   Thumb Code    58  stm32f4xx_ll_usb.o(.text)
    USB_ResetPort                            0x08001b0b   Thumb Code    46  stm32f4xx_ll_usb.o(.text)
    USB_GetHostSpeed                         0x08001b39   Thumb Code    16  stm32f4xx_ll_usb.o(.text)
    USB_GetCurrentFrame                      0x08001b49   Thumb Code     8  stm32f4xx_ll_usb.o(.text)
    USB_HC_Init                              0x08001b51   Thumb Code   252  stm32f4xx_ll_usb.o(.text)
    USB_DoPing                               0x08001c4d   Thumb Code    60  stm32f4xx_ll_usb.o(.text)
    USB_HC_StartXfer                         0x08001c89   Thumb Code   386  stm32f4xx_ll_usb.o(.text)
    USB_HC_ReadInterrupt                     0x08001e0b   Thumb Code    12  stm32f4xx_ll_usb.o(.text)
    USB_HC_Halt                              0x08001e17   Thumb Code   356  stm32f4xx_ll_usb.o(.text)
    USB_StopHost                             0x08001f7b   Thumb Code   174  stm32f4xx_ll_usb.o(.text)
    HAL_ADC_Init                             0x08002151   Thumb Code    84  stm32f4xx_hal_adc.o(.text)
    HAL_ADC_DeInit                           0x080021a7   Thumb Code    62  stm32f4xx_hal_adc.o(.text)
    HAL_ADC_Start                            0x080021e5   Thumb Code   198  stm32f4xx_hal_adc.o(.text)
    HAL_ADC_Stop                             0x080022ab   Thumb Code    60  stm32f4xx_hal_adc.o(.text)
    HAL_ADC_PollForConversion                0x080022e7   Thumb Code   162  stm32f4xx_hal_adc.o(.text)
    HAL_ADC_PollForEvent                     0x08002389   Thumb Code   112  stm32f4xx_hal_adc.o(.text)
    HAL_ADC_Start_IT                         0x080023f9   Thumb Code   226  stm32f4xx_hal_adc.o(.text)
    HAL_ADC_Stop_IT                          0x080024db   Thumb Code    70  stm32f4xx_hal_adc.o(.text)
    HAL_ADC_ErrorCallback                    0x08002521   Thumb Code     2  stm32f4xx_hal_adc.o(.text)
    HAL_ADC_LevelOutOfWindowCallback         0x08002523   Thumb Code     2  stm32f4xx_hal_adc.o(.text)
    HAL_ADC_ConvCpltCallback                 0x08002525   Thumb Code     2  stm32f4xx_hal_adc.o(.text)
    HAL_ADC_IRQHandler                       0x08002527   Thumb Code   318  stm32f4xx_hal_adc.o(.text)
    HAL_ADC_ConvHalfCpltCallback             0x0800267b   Thumb Code     2  stm32f4xx_hal_adc.o(.text)
    HAL_ADC_Start_DMA                        0x080026e9   Thumb Code   258  stm32f4xx_hal_adc.o(.text)
    HAL_ADC_Stop_DMA                         0x080027eb   Thumb Code   122  stm32f4xx_hal_adc.o(.text)
    HAL_ADC_GetValue                         0x08002865   Thumb Code     6  stm32f4xx_hal_adc.o(.text)
    HAL_ADC_ConfigChannel                    0x0800286b   Thumb Code   326  stm32f4xx_hal_adc.o(.text)
    HAL_ADC_AnalogWDGConfig                  0x080029b1   Thumb Code   112  stm32f4xx_hal_adc.o(.text)
    HAL_ADC_GetState                         0x08002a21   Thumb Code     4  stm32f4xx_hal_adc.o(.text)
    HAL_ADC_GetError                         0x08002a25   Thumb Code     4  stm32f4xx_hal_adc.o(.text)
    HAL_ADCEx_InjectedStart                  0x08002a3d   Thumb Code   208  stm32f4xx_hal_adc_ex.o(.text)
    HAL_ADCEx_InjectedStart_IT               0x08002b0d   Thumb Code   218  stm32f4xx_hal_adc_ex.o(.text)
    HAL_ADCEx_InjectedStop                   0x08002be7   Thumb Code    86  stm32f4xx_hal_adc_ex.o(.text)
    HAL_ADCEx_InjectedPollForConversion      0x08002c3d   Thumb Code   136  stm32f4xx_hal_adc_ex.o(.text)
    HAL_ADCEx_InjectedStop_IT                0x08002cc5   Thumb Code    94  stm32f4xx_hal_adc_ex.o(.text)
    HAL_ADCEx_InjectedGetValue               0x08002d23   Thumb Code    62  stm32f4xx_hal_adc_ex.o(.text)
    HAL_ADCEx_MultiModeStart_DMA             0x08002dd3   Thumb Code   250  stm32f4xx_hal_adc_ex.o(.text)
    HAL_ADCEx_MultiModeStop_DMA              0x08002ecd   Thumb Code    90  stm32f4xx_hal_adc_ex.o(.text)
    HAL_ADCEx_MultiModeGetValue              0x08002f27   Thumb Code     6  stm32f4xx_hal_adc_ex.o(.text)
    HAL_ADCEx_InjectedConvCpltCallback       0x08002f2d   Thumb Code     2  stm32f4xx_hal_adc_ex.o(.text)
    HAL_ADCEx_InjectedConfigChannel          0x08002f2f   Thumb Code   456  stm32f4xx_hal_adc_ex.o(.text)
    HAL_ADCEx_MultiModeConfigChannel         0x080030f7   Thumb Code    78  stm32f4xx_hal_adc_ex.o(.text)
    HAL_DAC_Init                             0x0800315f   Thumb Code    42  stm32f4xx_hal_dac.o(.text)
    HAL_DAC_DeInit                           0x0800318b   Thumb Code    32  stm32f4xx_hal_dac.o(.text)
    HAL_DAC_Start                            0x080031ab   Thumb Code   112  stm32f4xx_hal_dac.o(.text)
    HAL_DAC_Stop                             0x0800321b   Thumb Code    22  stm32f4xx_hal_dac.o(.text)
    HAL_DAC_ErrorCallbackCh1                 0x08003231   Thumb Code     2  stm32f4xx_hal_dac.o(.text)
    HAL_DAC_ConvHalfCpltCallbackCh1          0x0800324b   Thumb Code     2  stm32f4xx_hal_dac.o(.text)
    HAL_DAC_ConvCpltCallbackCh1              0x08003257   Thumb Code     2  stm32f4xx_hal_dac.o(.text)
    HAL_DAC_Start_DMA                        0x08003269   Thumb Code   238  stm32f4xx_hal_dac.o(.text)
    HAL_DAC_Stop_DMA                         0x08003357   Thumb Code    62  stm32f4xx_hal_dac.o(.text)
    HAL_DAC_GetValue                         0x08003395   Thumb Code    14  stm32f4xx_hal_dac.o(.text)
    HAL_DAC_DMAUnderrunCallbackCh1           0x080033a3   Thumb Code     2  stm32f4xx_hal_dac.o(.text)
    HAL_DAC_IRQHandler                       0x080033a5   Thumb Code    92  stm32f4xx_hal_dac.o(.text)
    HAL_DAC_ConfigChannel                    0x08003401   Thumb Code    66  stm32f4xx_hal_dac.o(.text)
    HAL_DAC_SetValue                         0x08003443   Thumb Code    32  stm32f4xx_hal_dac.o(.text)
    HAL_DAC_GetState                         0x08003463   Thumb Code     4  stm32f4xx_hal_dac.o(.text)
    HAL_DAC_GetError                         0x08003467   Thumb Code     4  stm32f4xx_hal_dac.o(.text)
    HAL_DACEx_DualGetValue                   0x08003485   Thumb Code    12  stm32f4xx_hal_dac_ex.o(.text)
    HAL_DACEx_TriangleWaveGenerate           0x08003491   Thumb Code    52  stm32f4xx_hal_dac_ex.o(.text)
    HAL_DACEx_NoiseWaveGenerate              0x080034c5   Thumb Code    52  stm32f4xx_hal_dac_ex.o(.text)
    HAL_DACEx_DualSetValue                   0x080034f9   Thumb Code    24  stm32f4xx_hal_dac_ex.o(.text)
    HAL_DACEx_ConvCpltCallbackCh2            0x08003511   Thumb Code     2  stm32f4xx_hal_dac_ex.o(.text)
    HAL_DACEx_ConvHalfCpltCallbackCh2        0x08003513   Thumb Code     2  stm32f4xx_hal_dac_ex.o(.text)
    HAL_DACEx_ErrorCallbackCh2               0x08003515   Thumb Code     2  stm32f4xx_hal_dac_ex.o(.text)
    HAL_DACEx_DMAUnderrunCallbackCh2         0x08003517   Thumb Code     2  stm32f4xx_hal_dac_ex.o(.text)
    DAC_DMAConvCpltCh2                       0x08003519   Thumb Code    16  stm32f4xx_hal_dac_ex.o(.text)
    DAC_DMAHalfConvCpltCh2                   0x08003529   Thumb Code    10  stm32f4xx_hal_dac_ex.o(.text)
    DAC_DMAErrorCh2                          0x08003533   Thumb Code    24  stm32f4xx_hal_dac_ex.o(.text)
    HAL_I2C_Init                             0x0800354f   Thumb Code   260  stm32f4xx_hal_i2c.o(.text)
    HAL_I2C_DeInit                           0x08003655   Thumb Code    50  stm32f4xx_hal_i2c.o(.text)
    HAL_I2C_Master_Transmit                  0x0800390b   Thumb Code   360  stm32f4xx_hal_i2c.o(.text)
    HAL_I2C_Master_Receive                   0x08003be5   Thumb Code   680  stm32f4xx_hal_i2c.o(.text)
    HAL_I2C_Slave_Transmit                   0x08003e8d   Thumb Code   358  stm32f4xx_hal_i2c.o(.text)
    HAL_I2C_Slave_Receive                    0x0800403b   Thumb Code   338  stm32f4xx_hal_i2c.o(.text)
    HAL_I2C_Master_Transmit_IT               0x0800418d   Thumb Code   170  stm32f4xx_hal_i2c.o(.text)
    HAL_I2C_Master_Receive_IT                0x08004237   Thumb Code   194  stm32f4xx_hal_i2c.o(.text)
    HAL_I2C_Master_Sequential_Transmit_IT    0x080042f9   Thumb Code   214  stm32f4xx_hal_i2c.o(.text)
    HAL_I2C_Master_Sequential_Receive_IT     0x080043cf   Thumb Code   242  stm32f4xx_hal_i2c.o(.text)
    HAL_I2C_Slave_Transmit_IT                0x080044c1   Thumb Code   174  stm32f4xx_hal_i2c.o(.text)
    HAL_I2C_Slave_Receive_IT                 0x0800456f   Thumb Code   172  stm32f4xx_hal_i2c.o(.text)
    HAL_I2C_Slave_Sequential_Transmit_IT     0x0800461b   Thumb Code   118  stm32f4xx_hal_i2c.o(.text)
    HAL_I2C_Slave_Sequential_Receive_IT      0x08004691   Thumb Code   128  stm32f4xx_hal_i2c.o(.text)
    HAL_I2C_EnableListen_IT                  0x08004711   Thumb Code    58  stm32f4xx_hal_i2c.o(.text)
    HAL_I2C_DisableListen_IT                 0x0800474b   Thumb Code    62  stm32f4xx_hal_i2c.o(.text)
    HAL_I2C_ErrorCallback                    0x08004789   Thumb Code     2  stm32f4xx_hal_i2c.o(.text)
    HAL_I2C_MasterRxCpltCallback             0x080047bf   Thumb Code     2  stm32f4xx_hal_i2c.o(.text)
    HAL_I2C_MemRxCpltCallback                0x080047c1   Thumb Code     2  stm32f4xx_hal_i2c.o(.text)
    HAL_I2C_Master_Transmit_DMA              0x0800484d   Thumb Code   274  stm32f4xx_hal_i2c.o(.text)
    HAL_I2C_Master_Receive_DMA               0x0800495f   Thumb Code   274  stm32f4xx_hal_i2c.o(.text)
    HAL_I2C_ListenCpltCallback               0x08004a71   Thumb Code     2  stm32f4xx_hal_i2c.o(.text)
    HAL_I2C_AbortCpltCallback                0x08004a73   Thumb Code     2  stm32f4xx_hal_i2c.o(.text)
    HAL_I2C_Master_Abort_IT                  0x08004beb   Thumb Code   106  stm32f4xx_hal_i2c.o(.text)
    HAL_I2C_Slave_Transmit_DMA               0x08004c55   Thumb Code   228  stm32f4xx_hal_i2c.o(.text)
    HAL_I2C_Slave_Receive_DMA                0x08004d39   Thumb Code   228  stm32f4xx_hal_i2c.o(.text)
    HAL_I2C_Mem_Write                        0x08004edf   Thumb Code   342  stm32f4xx_hal_i2c.o(.text)
    HAL_I2C_Mem_Read                         0x0800518d   Thumb Code   664  stm32f4xx_hal_i2c.o(.text)
    HAL_I2C_Mem_Write_IT                     0x08005425   Thumb Code   180  stm32f4xx_hal_i2c.o(.text)
    HAL_I2C_Mem_Read_IT                      0x080054d9   Thumb Code   212  stm32f4xx_hal_i2c.o(.text)
    HAL_I2C_Mem_Write_DMA                    0x080055ad   Thumb Code   282  stm32f4xx_hal_i2c.o(.text)
    HAL_I2C_Mem_Read_DMA                     0x080056c7   Thumb Code   386  stm32f4xx_hal_i2c.o(.text)
    HAL_I2C_IsDeviceReady                    0x08005849   Thumb Code   358  stm32f4xx_hal_i2c.o(.text)
    HAL_I2C_SlaveRxCpltCallback              0x080059e1   Thumb Code     2  stm32f4xx_hal_i2c.o(.text)
    HAL_I2C_SlaveTxCpltCallback              0x08005a41   Thumb Code     2  stm32f4xx_hal_i2c.o(.text)
    HAL_I2C_AddrCallback                     0x08005b61   Thumb Code     2  stm32f4xx_hal_i2c.o(.text)
    HAL_I2C_MasterTxCpltCallback             0x08005cfb   Thumb Code     2  stm32f4xx_hal_i2c.o(.text)
    HAL_I2C_MemTxCpltCallback                0x08005cfd   Thumb Code     2  stm32f4xx_hal_i2c.o(.text)
    HAL_I2C_EV_IRQHandler                    0x0800609d   Thumb Code   310  stm32f4xx_hal_i2c.o(.text)
    HAL_I2C_ER_IRQHandler                    0x08006253   Thumb Code   194  stm32f4xx_hal_i2c.o(.text)
    HAL_I2C_GetState                         0x08006315   Thumb Code     6  stm32f4xx_hal_i2c.o(.text)
    HAL_I2C_GetMode                          0x0800631b   Thumb Code     6  stm32f4xx_hal_i2c.o(.text)
    HAL_I2C_GetError                         0x08006321   Thumb Code     4  stm32f4xx_hal_i2c.o(.text)
    TIM_Base_SetConfig                       0x08006331   Thumb Code   152  stm32f4xx_hal_tim.o(.text)
    HAL_TIM_Base_Init                        0x080063cb   Thumb Code    56  stm32f4xx_hal_tim.o(.text)
    HAL_TIM_Base_DeInit                      0x08006405   Thumb Code    54  stm32f4xx_hal_tim.o(.text)
    HAL_TIM_Base_Start                       0x0800643b   Thumb Code    26  stm32f4xx_hal_tim.o(.text)
    HAL_TIM_Base_Stop                        0x08006455   Thumb Code    44  stm32f4xx_hal_tim.o(.text)
    HAL_TIM_Base_Start_IT                    0x08006481   Thumb Code    24  stm32f4xx_hal_tim.o(.text)
    HAL_TIM_Base_Stop_IT                     0x08006499   Thumb Code    42  stm32f4xx_hal_tim.o(.text)
    HAL_TIM_ErrorCallback                    0x080064c3   Thumb Code     2  stm32f4xx_hal_tim.o(.text)
    TIM_DMAError                             0x080064c5   Thumb Code    16  stm32f4xx_hal_tim.o(.text)
    HAL_TIM_PeriodElapsedCallback            0x080064d5   Thumb Code     2  stm32f4xx_hal_tim.o(.text)
    HAL_TIM_Base_Start_DMA                   0x080064e7   Thumb Code    90  stm32f4xx_hal_tim.o(.text)
    HAL_TIM_Base_Stop_DMA                    0x08006541   Thumb Code    48  stm32f4xx_hal_tim.o(.text)
    HAL_TIM_OC_MspInit                       0x08006571   Thumb Code     2  stm32f4xx_hal_tim.o(.text)
    HAL_TIM_OC_Init                          0x08006573   Thumb Code    56  stm32f4xx_hal_tim.o(.text)
    HAL_TIM_OC_MspDeInit                     0x080065ab   Thumb Code     2  stm32f4xx_hal_tim.o(.text)
    HAL_TIM_OC_DeInit                        0x080065ad   Thumb Code    54  stm32f4xx_hal_tim.o(.text)
    TIM_CCxChannelCmd                        0x080065e3   Thumb Code    22  stm32f4xx_hal_tim.o(.text)
    HAL_TIM_OC_Start                         0x080065f9   Thumb Code    48  stm32f4xx_hal_tim.o(.text)
    HAL_TIM_OC_Stop                          0x08006629   Thumb Code    78  stm32f4xx_hal_tim.o(.text)
    HAL_TIM_OC_Start_IT                      0x08006677   Thumb Code   106  stm32f4xx_hal_tim.o(.text)
    HAL_TIM_OC_Stop_IT                       0x080066e1   Thumb Code   186  stm32f4xx_hal_tim.o(.text)
    HAL_TIM_PWM_PulseFinishedCallback        0x0800679b   Thumb Code     2  stm32f4xx_hal_tim.o(.text)
    TIM_DMADelayPulseCplt                    0x0800679d   Thumb Code    66  stm32f4xx_hal_tim.o(.text)
    HAL_TIM_OC_Start_DMA                     0x080067df   Thumb Code   232  stm32f4xx_hal_tim.o(.text)
    HAL_TIM_OC_Stop_DMA                      0x080068c7   Thumb Code   142  stm32f4xx_hal_tim.o(.text)
    HAL_TIM_PWM_MspInit                      0x08006955   Thumb Code     2  stm32f4xx_hal_tim.o(.text)
    HAL_TIM_PWM_Init                         0x08006957   Thumb Code    56  stm32f4xx_hal_tim.o(.text)
    HAL_TIM_PWM_MspDeInit                    0x0800698f   Thumb Code     2  stm32f4xx_hal_tim.o(.text)
    HAL_TIM_PWM_DeInit                       0x08006991   Thumb Code    54  stm32f4xx_hal_tim.o(.text)
    HAL_TIM_PWM_Start                        0x080069c7   Thumb Code    48  stm32f4xx_hal_tim.o(.text)
    HAL_TIM_PWM_Stop                         0x080069f7   Thumb Code    84  stm32f4xx_hal_tim.o(.text)
    HAL_TIM_PWM_Start_IT                     0x08006a4b   Thumb Code   106  stm32f4xx_hal_tim.o(.text)
    HAL_TIM_PWM_Stop_IT                      0x08006ab5   Thumb Code   144  stm32f4xx_hal_tim.o(.text)
    HAL_TIM_PWM_Start_DMA                    0x08006b45   Thumb Code   232  stm32f4xx_hal_tim.o(.text)
    HAL_TIM_PWM_Stop_DMA                     0x08006c2d   Thumb Code   142  stm32f4xx_hal_tim.o(.text)
    HAL_TIM_IC_MspInit                       0x08006cbb   Thumb Code     2  stm32f4xx_hal_tim.o(.text)
    HAL_TIM_IC_Init                          0x08006cbd   Thumb Code    56  stm32f4xx_hal_tim.o(.text)
    HAL_TIM_IC_MspDeInit                     0x08006cf5   Thumb Code     2  stm32f4xx_hal_tim.o(.text)
    HAL_TIM_IC_DeInit                        0x08006cf7   Thumb Code    54  stm32f4xx_hal_tim.o(.text)
    HAL_TIM_IC_Start                         0x08006d2d   Thumb Code    26  stm32f4xx_hal_tim.o(.text)
    HAL_TIM_IC_Stop                          0x08006d47   Thumb Code    44  stm32f4xx_hal_tim.o(.text)
    HAL_TIM_IC_Start_IT                      0x08006d73   Thumb Code    84  stm32f4xx_hal_tim.o(.text)
    HAL_TIM_IC_Stop_IT                       0x08006dc7   Thumb Code   102  stm32f4xx_hal_tim.o(.text)
    HAL_TIM_IC_CaptureCallback               0x08006e2d   Thumb Code     2  stm32f4xx_hal_tim.o(.text)
    TIM_DMACaptureCplt                       0x08006e2f   Thumb Code    66  stm32f4xx_hal_tim.o(.text)
    HAL_TIM_IC_Start_DMA                     0x08006e71   Thumb Code   208  stm32f4xx_hal_tim.o(.text)
    HAL_TIM_IC_Stop_DMA                      0x08006f41   Thumb Code   108  stm32f4xx_hal_tim.o(.text)
    HAL_TIM_OnePulse_MspInit                 0x08006fad   Thumb Code     2  stm32f4xx_hal_tim.o(.text)
    HAL_TIM_OnePulse_Init                    0x08006faf   Thumb Code    86  stm32f4xx_hal_tim.o(.text)
    HAL_TIM_OnePulse_MspDeInit               0x08007005   Thumb Code     2  stm32f4xx_hal_tim.o(.text)
    HAL_TIM_OnePulse_DeInit                  0x08007007   Thumb Code    54  stm32f4xx_hal_tim.o(.text)
    HAL_TIM_OnePulse_Start                   0x0800703d   Thumb Code    50  stm32f4xx_hal_tim.o(.text)
    HAL_TIM_OnePulse_Stop                    0x0800706f   Thumb Code    90  stm32f4xx_hal_tim.o(.text)
    HAL_TIM_OnePulse_Start_IT                0x080070c9   Thumb Code    70  stm32f4xx_hal_tim.o(.text)
    HAL_TIM_OnePulse_Stop_IT                 0x0800710f   Thumb Code   110  stm32f4xx_hal_tim.o(.text)
    HAL_TIM_Encoder_MspInit                  0x0800717d   Thumb Code     2  stm32f4xx_hal_tim.o(.text)
    HAL_TIM_Encoder_Init                     0x0800717f   Thumb Code   162  stm32f4xx_hal_tim.o(.text)
    HAL_TIM_Encoder_MspDeInit                0x08007221   Thumb Code     2  stm32f4xx_hal_tim.o(.text)
    HAL_TIM_Encoder_DeInit                   0x08007223   Thumb Code    54  stm32f4xx_hal_tim.o(.text)
    HAL_TIM_Encoder_Start                    0x08007259   Thumb Code    66  stm32f4xx_hal_tim.o(.text)
    HAL_TIM_Encoder_Stop                     0x0800729b   Thumb Code    84  stm32f4xx_hal_tim.o(.text)
    HAL_TIM_Encoder_Start_IT                 0x080072ef   Thumb Code   106  stm32f4xx_hal_tim.o(.text)
    HAL_TIM_Encoder_Stop_IT                  0x08007359   Thumb Code   130  stm32f4xx_hal_tim.o(.text)
    HAL_TIM_Encoder_Start_DMA                0x080073db   Thumb Code   288  stm32f4xx_hal_tim.o(.text)
    HAL_TIM_Encoder_Stop_DMA                 0x080074fb   Thumb Code   130  stm32f4xx_hal_tim.o(.text)
    HAL_TIM_TriggerCallback                  0x0800757d   Thumb Code     2  stm32f4xx_hal_tim.o(.text)
    HAL_TIM_OC_DelayElapsedCallback          0x0800757f   Thumb Code     2  stm32f4xx_hal_tim.o(.text)
    HAL_TIM_IRQHandler                       0x08007581   Thumb Code   366  stm32f4xx_hal_tim.o(.text)
    TIM_OC2_SetConfig                        0x08007799   Thumb Code    98  stm32f4xx_hal_tim.o(.text)
    HAL_TIM_OC_ConfigChannel                 0x08007853   Thumb Code    84  stm32f4xx_hal_tim.o(.text)
    TIM_TI1_SetConfig                        0x08007947   Thumb Code   104  stm32f4xx_hal_tim.o(.text)
    HAL_TIM_IC_ConfigChannel                 0x080079af   Thumb Code   188  stm32f4xx_hal_tim.o(.text)
    HAL_TIM_PWM_ConfigChannel                0x08007a6b   Thumb Code   248  stm32f4xx_hal_tim.o(.text)
    HAL_TIM_OnePulse_ConfigChannel           0x08007b63   Thumb Code   234  stm32f4xx_hal_tim.o(.text)
    HAL_TIM_DMABurst_WriteStart              0x08007c5d   Thumb Code   306  stm32f4xx_hal_tim.o(.text)
    HAL_TIM_DMABurst_WriteStop               0x08007d8f   Thumb Code   120  stm32f4xx_hal_tim.o(.text)
    HAL_TIM_DMABurst_ReadStart               0x08007e07   Thumb Code   306  stm32f4xx_hal_tim.o(.text)
    HAL_TIM_DMABurst_ReadStop                0x08007f39   Thumb Code   120  stm32f4xx_hal_tim.o(.text)
    HAL_TIM_GenerateEvent                    0x08007fb1   Thumb Code    38  stm32f4xx_hal_tim.o(.text)
    HAL_TIM_ConfigOCrefClear                 0x08007feb   Thumb Code   214  stm32f4xx_hal_tim.o(.text)
    HAL_TIM_ConfigClockSource                0x08008117   Thumb Code   270  stm32f4xx_hal_tim.o(.text)
    HAL_TIM_ConfigTI1Input                   0x08008225   Thumb Code    16  stm32f4xx_hal_tim.o(.text)
    HAL_TIM_SlaveConfigSynchronization       0x080082ab   Thumb Code    66  stm32f4xx_hal_tim.o(.text)
    HAL_TIM_SlaveConfigSynchronization_IT    0x080082ed   Thumb Code    66  stm32f4xx_hal_tim.o(.text)
    HAL_TIM_ReadCapturedValue                0x0800832f   Thumb Code    68  stm32f4xx_hal_tim.o(.text)
    HAL_TIM_Base_GetState                    0x08008373   Thumb Code     6  stm32f4xx_hal_tim.o(.text)
    HAL_TIM_OC_GetState                      0x08008379   Thumb Code     6  stm32f4xx_hal_tim.o(.text)
    HAL_TIM_PWM_GetState                     0x0800837f   Thumb Code     6  stm32f4xx_hal_tim.o(.text)
    HAL_TIM_IC_GetState                      0x08008385   Thumb Code     6  stm32f4xx_hal_tim.o(.text)
    HAL_TIM_OnePulse_GetState                0x0800838b   Thumb Code     6  stm32f4xx_hal_tim.o(.text)
    HAL_TIM_Encoder_GetState                 0x08008391   Thumb Code     6  stm32f4xx_hal_tim.o(.text)
    HAL_TIMEx_HallSensor_MspInit             0x08008399   Thumb Code     2  stm32f4xx_hal_tim_ex.o(.text)
    HAL_TIMEx_HallSensor_Init                0x0800839b   Thumb Code   178  stm32f4xx_hal_tim_ex.o(.text)
    HAL_TIMEx_HallSensor_MspDeInit           0x0800844d   Thumb Code     2  stm32f4xx_hal_tim_ex.o(.text)
    HAL_TIMEx_HallSensor_DeInit              0x0800844f   Thumb Code    54  stm32f4xx_hal_tim_ex.o(.text)
    HAL_TIMEx_HallSensor_Start               0x08008485   Thumb Code    28  stm32f4xx_hal_tim_ex.o(.text)
    HAL_TIMEx_HallSensor_Stop                0x080084a1   Thumb Code    46  stm32f4xx_hal_tim_ex.o(.text)
    HAL_TIMEx_HallSensor_Start_IT            0x080084cf   Thumb Code    38  stm32f4xx_hal_tim_ex.o(.text)
    HAL_TIMEx_HallSensor_Stop_IT             0x080084f5   Thumb Code    56  stm32f4xx_hal_tim_ex.o(.text)
    HAL_TIMEx_HallSensor_Start_DMA           0x0800852d   Thumb Code   104  stm32f4xx_hal_tim_ex.o(.text)
    HAL_TIMEx_HallSensor_Stop_DMA            0x08008595   Thumb Code    56  stm32f4xx_hal_tim_ex.o(.text)
    HAL_TIMEx_OCN_Start                      0x080085e3   Thumb Code    36  stm32f4xx_hal_tim_ex.o(.text)
    HAL_TIMEx_OCN_Stop                       0x08008607   Thumb Code    68  stm32f4xx_hal_tim_ex.o(.text)
    HAL_TIMEx_OCN_Start_IT                   0x0800864b   Thumb Code   104  stm32f4xx_hal_tim_ex.o(.text)
    HAL_TIMEx_OCN_Stop_IT                    0x080086b3   Thumb Code   142  stm32f4xx_hal_tim_ex.o(.text)
    HAL_TIMEx_OCN_Start_DMA                  0x08008741   Thumb Code   216  stm32f4xx_hal_tim_ex.o(.text)
    HAL_TIMEx_OCN_Stop_DMA                   0x08008819   Thumb Code   132  stm32f4xx_hal_tim_ex.o(.text)
    HAL_TIMEx_PWMN_Start                     0x0800889d   Thumb Code    36  stm32f4xx_hal_tim_ex.o(.text)
    HAL_TIMEx_PWMN_Stop                      0x080088c1   Thumb Code    68  stm32f4xx_hal_tim_ex.o(.text)
    HAL_TIMEx_PWMN_Start_IT                  0x08008905   Thumb Code   120  stm32f4xx_hal_tim_ex.o(.text)
    HAL_TIMEx_PWMN_Stop_IT                   0x0800897d   Thumb Code   142  stm32f4xx_hal_tim_ex.o(.text)
    HAL_TIMEx_PWMN_Start_DMA                 0x08008a0b   Thumb Code   216  stm32f4xx_hal_tim_ex.o(.text)
    HAL_TIMEx_PWMN_Stop_DMA                  0x08008ae3   Thumb Code   132  stm32f4xx_hal_tim_ex.o(.text)
    HAL_TIMEx_OnePulseN_Start                0x08008b67   Thumb Code    26  stm32f4xx_hal_tim_ex.o(.text)
    HAL_TIMEx_OnePulseN_Stop                 0x08008b81   Thumb Code    68  stm32f4xx_hal_tim_ex.o(.text)
    HAL_TIMEx_OnePulseN_Start_IT             0x08008bc5   Thumb Code    46  stm32f4xx_hal_tim_ex.o(.text)
    HAL_TIMEx_OnePulseN_Stop_IT              0x08008bf3   Thumb Code    88  stm32f4xx_hal_tim_ex.o(.text)
    HAL_TIMEx_ConfigCommutationEvent         0x08008c4b   Thumb Code    92  stm32f4xx_hal_tim_ex.o(.text)
    HAL_TIMEx_ConfigCommutationEvent_IT      0x08008ca7   Thumb Code   102  stm32f4xx_hal_tim_ex.o(.text)
    HAL_TIMEx_CommutationCallback            0x08008d0d   Thumb Code     2  stm32f4xx_hal_tim_ex.o(.text)
    TIMEx_DMACommutationCplt                 0x08008d0f   Thumb Code    16  stm32f4xx_hal_tim_ex.o(.text)
    HAL_TIMEx_ConfigCommutationEvent_DMA     0x08008d1f   Thumb Code   116  stm32f4xx_hal_tim_ex.o(.text)
    HAL_TIMEx_MasterConfigSynchronization    0x08008d93   Thumb Code    80  stm32f4xx_hal_tim_ex.o(.text)
    HAL_TIMEx_ConfigBreakDeadTime            0x08008de3   Thumb Code   100  stm32f4xx_hal_tim_ex.o(.text)
    HAL_TIMEx_RemapConfig                    0x08008e47   Thumb Code    34  stm32f4xx_hal_tim_ex.o(.text)
    HAL_TIMEx_BreakCallback                  0x08008e69   Thumb Code     2  stm32f4xx_hal_tim_ex.o(.text)
    HAL_TIMEx_HallSensor_GetState            0x08008e6b   Thumb Code     6  stm32f4xx_hal_tim_ex.o(.text)
    HAL_RCC_OscConfig                        0x08008e75   Thumb Code   896  stm32f4xx_hal_rcc.o(.text)
    HAL_RCC_GetSysClockFreq                  0x080091f5   Thumb Code    96  stm32f4xx_hal_rcc.o(.text)
    HAL_RCC_ClockConfig                      0x08009255   Thumb Code   334  stm32f4xx_hal_rcc.o(.text)
    HAL_RCC_MCOConfig                        0x080093a3   Thumb Code   130  stm32f4xx_hal_rcc.o(.text)
    HAL_RCC_EnableCSS                        0x08009425   Thumb Code     8  stm32f4xx_hal_rcc.o(.text)
    HAL_RCC_DisableCSS                       0x0800942d   Thumb Code     8  stm32f4xx_hal_rcc.o(.text)
    HAL_RCC_GetHCLKFreq                      0x08009435   Thumb Code     6  stm32f4xx_hal_rcc.o(.text)
    HAL_RCC_GetPCLK1Freq                     0x0800943b   Thumb Code    22  stm32f4xx_hal_rcc.o(.text)
    HAL_RCC_GetPCLK2Freq                     0x08009451   Thumb Code    22  stm32f4xx_hal_rcc.o(.text)
    HAL_RCC_GetOscConfig                     0x08009467   Thumb Code   178  stm32f4xx_hal_rcc.o(.text)
    HAL_RCC_GetClockConfig                   0x08009519   Thumb Code    52  stm32f4xx_hal_rcc.o(.text)
    HAL_RCC_CSSCallback                      0x0800954d   Thumb Code     2  stm32f4xx_hal_rcc.o(.text)
    HAL_RCC_NMI_IRQHandler                   0x0800954f   Thumb Code    26  stm32f4xx_hal_rcc.o(.text)
    HAL_GPIO_Init                            0x08009589   Thumb Code   406  stm32f4xx_hal_gpio.o(.text)
    HAL_GPIO_DeInit                          0x0800971f   Thumb Code   274  stm32f4xx_hal_gpio.o(.text)
    HAL_GPIO_ReadPin                         0x08009831   Thumb Code    14  stm32f4xx_hal_gpio.o(.text)
    HAL_GPIO_WritePin                        0x0800983f   Thumb Code    14  stm32f4xx_hal_gpio.o(.text)
    HAL_GPIO_TogglePin                       0x0800984d   Thumb Code     8  stm32f4xx_hal_gpio.o(.text)
    HAL_GPIO_LockPin                         0x08009855   Thumb Code    36  stm32f4xx_hal_gpio.o(.text)
    HAL_GPIO_EXTI_Callback                   0x08009879   Thumb Code     2  stm32f4xx_hal_gpio.o(.text)
    HAL_GPIO_EXTI_IRQHandler                 0x0800987b   Thumb Code    20  stm32f4xx_hal_gpio.o(.text)
    HAL_DMA_Init                             0x0800995b   Thumb Code   208  stm32f4xx_hal_dma.o(.text)
    HAL_DMA_DeInit                           0x08009a2b   Thumb Code    90  stm32f4xx_hal_dma.o(.text)
    HAL_DMA_Start                            0x08009aaf   Thumb Code    70  stm32f4xx_hal_dma.o(.text)
    HAL_DMA_Start_IT                         0x08009af5   Thumb Code   118  stm32f4xx_hal_dma.o(.text)
    HAL_DMA_Abort                            0x08009b6b   Thumb Code   140  stm32f4xx_hal_dma.o(.text)
    HAL_DMA_Abort_IT                         0x08009bf7   Thumb Code    36  stm32f4xx_hal_dma.o(.text)
    HAL_DMA_PollForTransfer                  0x08009c1b   Thumb Code   296  stm32f4xx_hal_dma.o(.text)
    HAL_DMA_IRQHandler                       0x08009d43   Thumb Code   460  stm32f4xx_hal_dma.o(.text)
    HAL_DMA_RegisterCallback                 0x08009f0f   Thumb Code    80  stm32f4xx_hal_dma.o(.text)
    HAL_DMA_UnRegisterCallback               0x08009f5f   Thumb Code   100  stm32f4xx_hal_dma.o(.text)
    HAL_DMA_GetState                         0x08009fc3   Thumb Code     6  stm32f4xx_hal_dma.o(.text)
    HAL_DMA_GetError                         0x08009fc9   Thumb Code     4  stm32f4xx_hal_dma.o(.text)
    HAL_NVIC_SetPriorityGrouping             0x08009fd1   Thumb Code    26  stm32f4xx_hal_cortex.o(.text)
    HAL_NVIC_SetPriority                     0x08009feb   Thumb Code    60  stm32f4xx_hal_cortex.o(.text)
    HAL_NVIC_EnableIRQ                       0x0800a027   Thumb Code    22  stm32f4xx_hal_cortex.o(.text)
    HAL_NVIC_DisableIRQ                      0x0800a03d   Thumb Code    22  stm32f4xx_hal_cortex.o(.text)
    HAL_NVIC_SystemReset                     0x0800a053   Thumb Code    28  stm32f4xx_hal_cortex.o(.text)
    HAL_SYSTICK_Config                       0x0800a06f   Thumb Code    40  stm32f4xx_hal_cortex.o(.text)
    HAL_MPU_Disable                          0x0800a097   Thumb Code    26  stm32f4xx_hal_cortex.o(.text)
    HAL_MPU_Enable                           0x0800a0b1   Thumb Code    32  stm32f4xx_hal_cortex.o(.text)
    HAL_MPU_ConfigRegion                     0x0800a0d1   Thumb Code    84  stm32f4xx_hal_cortex.o(.text)
    HAL_NVIC_GetPriorityGrouping             0x0800a125   Thumb Code    10  stm32f4xx_hal_cortex.o(.text)
    HAL_NVIC_GetPriority                     0x0800a12f   Thumb Code    86  stm32f4xx_hal_cortex.o(.text)
    HAL_NVIC_SetPendingIRQ                   0x0800a185   Thumb Code    22  stm32f4xx_hal_cortex.o(.text)
    HAL_NVIC_GetPendingIRQ                   0x0800a19b   Thumb Code    32  stm32f4xx_hal_cortex.o(.text)
    HAL_NVIC_ClearPendingIRQ                 0x0800a1bb   Thumb Code    22  stm32f4xx_hal_cortex.o(.text)
    HAL_NVIC_GetActive                       0x0800a1d1   Thumb Code    32  stm32f4xx_hal_cortex.o(.text)
    HAL_SYSTICK_CLKSourceConfig              0x0800a1f1   Thumb Code    28  stm32f4xx_hal_cortex.o(.text)
    HAL_SYSTICK_Callback                     0x0800a20d   Thumb Code     2  stm32f4xx_hal_cortex.o(.text)
    HAL_SYSTICK_IRQHandler                   0x0800a20f   Thumb Code     8  stm32f4xx_hal_cortex.o(.text)
    HAL_InitTick                             0x0800a243   Thumb Code    58  stm32f4xx_hal.o(.text)
    HAL_Init                                 0x0800a27d   Thumb Code    48  stm32f4xx_hal.o(.text)
    HAL_MspDeInit                            0x0800a2ad   Thumb Code     2  stm32f4xx_hal.o(.text)
    HAL_DeInit                               0x0800a2af   Thumb Code    48  stm32f4xx_hal.o(.text)
    HAL_IncTick                              0x0800a2df   Thumb Code    12  stm32f4xx_hal.o(.text)
    HAL_GetTick                              0x0800a2eb   Thumb Code     6  stm32f4xx_hal.o(.text)
    HAL_GetTickPrio                          0x0800a2f1   Thumb Code     6  stm32f4xx_hal.o(.text)
    HAL_SetTickFreq                          0x0800a2f7   Thumb Code    24  stm32f4xx_hal.o(.text)
    HAL_GetTickFreq                          0x0800a30f   Thumb Code     6  stm32f4xx_hal.o(.text)
    HAL_Delay                                0x0800a315   Thumb Code    32  stm32f4xx_hal.o(.text)
    HAL_SuspendTick                          0x0800a335   Thumb Code    14  stm32f4xx_hal.o(.text)
    HAL_ResumeTick                           0x0800a343   Thumb Code    14  stm32f4xx_hal.o(.text)
    HAL_GetHalVersion                        0x0800a351   Thumb Code     4  stm32f4xx_hal.o(.text)
    HAL_GetREVID                             0x0800a355   Thumb Code     8  stm32f4xx_hal.o(.text)
    HAL_GetDEVID                             0x0800a35d   Thumb Code    10  stm32f4xx_hal.o(.text)
    HAL_DBGMCU_EnableDBGSleepMode            0x0800a367   Thumb Code    12  stm32f4xx_hal.o(.text)
    HAL_DBGMCU_DisableDBGSleepMode           0x0800a373   Thumb Code    12  stm32f4xx_hal.o(.text)
    HAL_DBGMCU_EnableDBGStopMode             0x0800a37f   Thumb Code    12  stm32f4xx_hal.o(.text)
    HAL_DBGMCU_DisableDBGStopMode            0x0800a38b   Thumb Code    12  stm32f4xx_hal.o(.text)
    HAL_DBGMCU_EnableDBGStandbyMode          0x0800a397   Thumb Code    12  stm32f4xx_hal.o(.text)
    HAL_DBGMCU_DisableDBGStandbyMode         0x0800a3a3   Thumb Code    12  stm32f4xx_hal.o(.text)
    HAL_EnableCompensationCell               0x0800a3af   Thumb Code     8  stm32f4xx_hal.o(.text)
    HAL_DisableCompensationCell              0x0800a3b7   Thumb Code     8  stm32f4xx_hal.o(.text)
    HAL_GetUID                               0x0800a3bf   Thumb Code    24  stm32f4xx_hal.o(.text)
    HAL_UART_Init                            0x0800a707   Thumb Code   100  stm32f4xx_hal_uart.o(.text)
    HAL_HalfDuplex_Init                      0x0800a76b   Thumb Code   110  stm32f4xx_hal_uart.o(.text)
    HAL_LIN_Init                             0x0800a7d9   Thumb Code   140  stm32f4xx_hal_uart.o(.text)
    HAL_MultiProcessor_Init                  0x0800a865   Thumb Code   142  stm32f4xx_hal_uart.o(.text)
    HAL_UART_DeInit                          0x0800a8f5   Thumb Code    38  stm32f4xx_hal_uart.o(.text)
    HAL_UART_Transmit                        0x0800a97d   Thumb Code   204  stm32f4xx_hal_uart.o(.text)
    HAL_UART_Receive                         0x0800aa49   Thumb Code   208  stm32f4xx_hal_uart.o(.text)
    HAL_UART_Transmit_IT                     0x0800ab19   Thumb Code    66  stm32f4xx_hal_uart.o(.text)
    HAL_UART_Receive_IT                      0x0800ab5b   Thumb Code    76  stm32f4xx_hal_uart.o(.text)
    HAL_UART_ErrorCallback                   0x0800aba7   Thumb Code     2  stm32f4xx_hal_uart.o(.text)
    HAL_UART_TxHalfCpltCallback              0x0800ac21   Thumb Code     2  stm32f4xx_hal_uart.o(.text)
    HAL_UART_TxCpltCallback                  0x0800ac2d   Thumb Code     2  stm32f4xx_hal_uart.o(.text)
    HAL_UART_Transmit_DMA                    0x0800ac5d   Thumb Code   126  stm32f4xx_hal_uart.o(.text)
    HAL_UART_RxHalfCpltCallback              0x0800acdb   Thumb Code     2  stm32f4xx_hal_uart.o(.text)
    HAL_UART_RxCpltCallback                  0x0800ace7   Thumb Code     2  stm32f4xx_hal_uart.o(.text)
    HAL_UART_Receive_DMA                     0x0800ad25   Thumb Code   142  stm32f4xx_hal_uart.o(.text)
    HAL_UART_DMAPause                        0x0800adb3   Thumb Code   102  stm32f4xx_hal_uart.o(.text)
    HAL_UART_DMAResume                       0x0800ae19   Thumb Code    94  stm32f4xx_hal_uart.o(.text)
    HAL_UART_DMAStop                         0x0800ae77   Thumb Code    88  stm32f4xx_hal_uart.o(.text)
    HAL_UART_Abort                           0x0800aecf   Thumb Code   104  stm32f4xx_hal_uart.o(.text)
    HAL_UART_AbortTransmit                   0x0800af37   Thumb Code    58  stm32f4xx_hal_uart.o(.text)
    HAL_UART_AbortReceive                    0x0800af71   Thumb Code    68  stm32f4xx_hal_uart.o(.text)
    HAL_UART_AbortCpltCallback               0x0800afb5   Thumb Code     2  stm32f4xx_hal_uart.o(.text)
    HAL_UART_Abort_IT                        0x0800b00f   Thumb Code   198  stm32f4xx_hal_uart.o(.text)
    HAL_UART_AbortTransmitCpltCallback       0x0800b0d5   Thumb Code     2  stm32f4xx_hal_uart.o(.text)
    HAL_UART_AbortTransmit_IT                0x0800b0eb   Thumb Code    92  stm32f4xx_hal_uart.o(.text)
    HAL_UART_AbortReceiveCpltCallback        0x0800b147   Thumb Code     2  stm32f4xx_hal_uart.o(.text)
    HAL_UART_AbortReceive_IT                 0x0800b15d   Thumb Code   102  stm32f4xx_hal_uart.o(.text)
    HAL_UART_IRQHandler                      0x0800b2e5   Thumb Code   262  stm32f4xx_hal_uart.o(.text)
    HAL_LIN_SendBreak                        0x0800b3eb   Thumb Code    46  stm32f4xx_hal_uart.o(.text)
    HAL_MultiProcessor_EnterMuteMode         0x0800b419   Thumb Code    46  stm32f4xx_hal_uart.o(.text)
    HAL_MultiProcessor_ExitMuteMode          0x0800b447   Thumb Code    46  stm32f4xx_hal_uart.o(.text)
    HAL_HalfDuplex_EnableTransmitter         0x0800b475   Thumb Code    50  stm32f4xx_hal_uart.o(.text)
    HAL_HalfDuplex_EnableReceiver            0x0800b4a7   Thumb Code    50  stm32f4xx_hal_uart.o(.text)
    HAL_UART_GetState                        0x0800b4d9   Thumb Code    12  stm32f4xx_hal_uart.o(.text)
    HAL_UART_GetError                        0x0800b4e5   Thumb Code     4  stm32f4xx_hal_uart.o(.text)
    SystemInit                               0x0800b4f5   Thumb Code    66  system_stm32f4xx.o(.text)
    SystemCoreClockUpdate                    0x0800b537   Thumb Code   120  system_stm32f4xx.o(.text)
    USBD_Init                                0x0800b5cd   Thumb Code    44  usbd_core.o(.text)
    USBD_DeInit                              0x0800b5f9   Thumb Code    38  usbd_core.o(.text)
    USBD_RegisterClass                       0x0800b61f   Thumb Code    18  usbd_core.o(.text)
    USBD_Start                               0x0800b631   Thumb Code    10  usbd_core.o(.text)
    USBD_Stop                                0x0800b63b   Thumb Code    26  usbd_core.o(.text)
    USBD_RunTestMode                         0x0800b655   Thumb Code     4  usbd_core.o(.text)
    USBD_SetClassConfig                      0x0800b659   Thumb Code    24  usbd_core.o(.text)
    USBD_ClrClassConfig                      0x0800b671   Thumb Code    14  usbd_core.o(.text)
    USBD_LL_SetupStage                       0x0800b67f   Thumb Code    90  usbd_core.o(.text)
    USBD_LL_DataOutStage                     0x0800b6d9   Thumb Code   108  usbd_core.o(.text)
    USBD_LL_DataInStage                      0x0800b745   Thumb Code   186  usbd_core.o(.text)
    USBD_LL_Reset                            0x0800b7ff   Thumb Code    64  usbd_core.o(.text)
    USBD_LL_SetSpeed                         0x0800b83f   Thumb Code     6  usbd_core.o(.text)
    USBD_LL_Suspend                          0x0800b845   Thumb Code    16  usbd_core.o(.text)
    USBD_LL_Resume                           0x0800b855   Thumb Code    12  usbd_core.o(.text)
    USBD_LL_SOF                              0x0800b861   Thumb Code    24  usbd_core.o(.text)
    USBD_LL_IsoINIncomplete                  0x0800b879   Thumb Code     4  usbd_core.o(.text)
    USBD_LL_IsoOUTIncomplete                 0x0800b87d   Thumb Code     4  usbd_core.o(.text)
    USBD_LL_DevConnected                     0x0800b881   Thumb Code     4  usbd_core.o(.text)
    USBD_LL_DevDisconnected                  0x0800b885   Thumb Code    22  usbd_core.o(.text)
    USBD_CtlError                            0x0800b89d   Thumb Code    24  usbd_ctlreq.o(.text)
    USBD_StdDevReq                           0x0800bb99   Thumb Code    74  usbd_ctlreq.o(.text)
    USBD_StdItfReq                           0x0800bbe3   Thumb Code    68  usbd_ctlreq.o(.text)
    USBD_StdEPReq                            0x0800bc27   Thumb Code   288  usbd_ctlreq.o(.text)
    USBD_ParseSetupRequest                   0x0800bd47   Thumb Code    46  usbd_ctlreq.o(.text)
    USBD_GetString                           0x0800bd89   Thumb Code    60  usbd_ctlreq.o(.text)
    USBD_CtlSendData                         0x0800bdc5   Thumb Code    26  usbd_ioreq.o(.text)
    USBD_CtlContinueSendData                 0x0800bddf   Thumb Code    16  usbd_ioreq.o(.text)
    USBD_CtlPrepareRx                        0x0800bdef   Thumb Code    30  usbd_ioreq.o(.text)
    USBD_CtlContinueRx                       0x0800be0d   Thumb Code    16  usbd_ioreq.o(.text)
    USBD_CtlSendStatus                       0x0800be1d   Thumb Code    22  usbd_ioreq.o(.text)
    USBD_CtlReceiveStatus                    0x0800be33   Thumb Code    22  usbd_ioreq.o(.text)
    USBD_GetRxCount                          0x0800be49   Thumb Code    10  usbd_ioreq.o(.text)
    USBD_HID_SendReport                      0x0800bf47   Thumb Code    36  usbd_hid.o(.text)
    USBD_HID_GetPollingInterval              0x0800bf6b   Thumb Code    14  usbd_hid.o(.text)
    I2C_BufferRead                           0x0800bf9d   Thumb Code    20  mpu6050.o(.text)
    GetRawAcc                                0x0800bfb1   Thumb Code    86  mpu6050.o(.text)
    GetTemp                                  0x0800c007   Thumb Code    42  mpu6050.o(.text)
    GetRawGyro                               0x0800c031   Thumb Code    60  mpu6050.o(.text)
    GetRawMagnet                             0x0800c06d   Thumb Code    60  mpu6050.o(.text)
    ReadStatusReg                            0x0800c0a9   Thumb Code    24  mpu6050.o(.text)
    GetSensivityMagnet                       0x0800c0c1   Thumb Code    36  mpu6050.o(.text)
    I2C_ByteWrite                            0x0800c0e5   Thumb Code    24  mpu6050.o(.text)
    WriteBits                                0x0800c0fd   Thumb Code    72  mpu6050.o(.text)
    SetBandwidthGyro                         0x0800c145   Thumb Code    18  mpu6050.o(.text)
    SetBandwidthAccel                        0x0800c157   Thumb Code    18  mpu6050.o(.text)
    WriteBit                                 0x0800c169   Thumb Code    62  mpu6050.o(.text)
    SetSleepModeStatus                       0x0800c1a7   Thumb Code    10  mpu6050.o(.text)
    SetFullScaleGyroRange                    0x0800c1b1   Thumb Code    18  mpu6050.o(.text)
    SetFullScaleAccelRange                   0x0800c1c3   Thumb Code    18  mpu6050.o(.text)
    SetClockSource                           0x0800c1d5   Thumb Code    18  mpu6050.o(.text)
    Initialize                               0x0800c1e7   Thumb Code   164  mpu6050.o(.text)
    SetModeStatus                            0x0800c28b   Thumb Code    10  mpu6050.o(.text)
    ReadBits                                 0x0800c295   Thumb Code    50  mpu6050.o(.text)
    get_X_Rotation                           0x0800c2d1   Thumb Code   278  accelangle.o(.text)
    get_Y_Rotation                           0x0800c3e7   Thumb Code   104  accelangle.o(.text)
    get_Z_Rotation                           0x0800c44f   Thumb Code   278  accelangle.o(.text)
    KalmanFilterSimple1D                     0x0800c581   Thumb Code    54  kalmanfilter.o(.text)
    Final                                    0x0800c5b7   Thumb Code    34  complimentaryfilter.o(.text)
    _Error_Handler                           0x0800c623   Thumb Code     2  main.o(.text)
    SystemClock_Config                       0x0800c983   Thumb Code   258  main.o(.text)
    main                                     0x0800ca85   Thumb Code   204  main.o(.text)
    GPIO_reset                               0x0800cb51   Thumb Code    42  main.o(.text)
    MX_USB_DEVICE_Init                       0x0800cb91   Thumb Code    30  usb_device.o(.text)
    HAL_PCD_MspInit                          0x0800cbbd   Thumb Code    92  usbd_conf.o(.text)
    HAL_PCD_MspDeInit                        0x0800cc19   Thumb Code    42  usbd_conf.o(.text)
    HAL_PCD_SetupStageCallback               0x0800cc43   Thumb Code    14  usbd_conf.o(.text)
    HAL_PCD_DataOutStageCallback             0x0800cc51   Thumb Code    20  usbd_conf.o(.text)
    HAL_PCD_DataInStageCallback              0x0800cc65   Thumb Code    18  usbd_conf.o(.text)
    HAL_PCD_SOFCallback                      0x0800cc77   Thumb Code     8  usbd_conf.o(.text)
    HAL_PCD_ResetCallback                    0x0800cc7f   Thumb Code    34  usbd_conf.o(.text)
    HAL_PCD_SuspendCallback                  0x0800cca1   Thumb Code    44  usbd_conf.o(.text)
    HAL_PCD_ResumeCallback                   0x0800cccd   Thumb Code     8  usbd_conf.o(.text)
    HAL_PCD_ISOOUTIncompleteCallback         0x0800ccd5   Thumb Code     8  usbd_conf.o(.text)
    HAL_PCD_ISOINIncompleteCallback          0x0800ccdd   Thumb Code     8  usbd_conf.o(.text)
    HAL_PCD_ConnectCallback                  0x0800cce5   Thumb Code     8  usbd_conf.o(.text)
    HAL_PCD_DisconnectCallback               0x0800cced   Thumb Code     8  usbd_conf.o(.text)
    USBD_LL_Init                             0x0800ccf5   Thumb Code   100  usbd_conf.o(.text)
    USBD_LL_DeInit                           0x0800cd59   Thumb Code    44  usbd_conf.o(.text)
    USBD_LL_Start                            0x0800cd85   Thumb Code    44  usbd_conf.o(.text)
    USBD_LL_Stop                             0x0800cdb1   Thumb Code    44  usbd_conf.o(.text)
    USBD_LL_OpenEP                           0x0800cddd   Thumb Code    50  usbd_conf.o(.text)
    USBD_LL_CloseEP                          0x0800ce0f   Thumb Code    44  usbd_conf.o(.text)
    USBD_LL_FlushEP                          0x0800ce3b   Thumb Code    44  usbd_conf.o(.text)
    USBD_LL_StallEP                          0x0800ce67   Thumb Code    44  usbd_conf.o(.text)
    USBD_LL_ClearStallEP                     0x0800ce93   Thumb Code    44  usbd_conf.o(.text)
    USBD_LL_IsStallEP                        0x0800cebf   Thumb Code    32  usbd_conf.o(.text)
    USBD_LL_SetUSBAddress                    0x0800cedf   Thumb Code    44  usbd_conf.o(.text)
    USBD_LL_Transmit                         0x0800cf0b   Thumb Code    44  usbd_conf.o(.text)
    USBD_LL_PrepareReceive                   0x0800cf37   Thumb Code    44  usbd_conf.o(.text)
    USBD_LL_GetRxDataSize                    0x0800cf63   Thumb Code     8  usbd_conf.o(.text)
    USBD_LL_Delay                            0x0800cf6b   Thumb Code     4  usbd_conf.o(.text)
    USBD_FS_DeviceDescriptor                 0x0800cf95   Thumb Code     8  usbd_desc.o(.text)
    USBD_FS_LangIDStrDescriptor              0x0800cf9d   Thumb Code    10  usbd_desc.o(.text)
    USBD_FS_ProductStrDescriptor             0x0800cfa7   Thumb Code    32  usbd_desc.o(.text)
    USBD_FS_ManufacturerStrDescriptor        0x0800cfc7   Thumb Code    16  usbd_desc.o(.text)
    USBD_FS_SerialStrDescriptor              0x0800cfd7   Thumb Code    32  usbd_desc.o(.text)
    USBD_FS_ConfigStrDescriptor              0x0800cff7   Thumb Code    32  usbd_desc.o(.text)
    USBD_FS_InterfaceStrDescriptor           0x0800d017   Thumb Code    32  usbd_desc.o(.text)
    NMI_Handler                              0x0800d099   Thumb Code     2  stm32f4xx_it.o(.text)
    HardFault_Handler                        0x0800d09b   Thumb Code     2  stm32f4xx_it.o(.text)
    MemManage_Handler                        0x0800d09d   Thumb Code     2  stm32f4xx_it.o(.text)
    BusFault_Handler                         0x0800d09f   Thumb Code     2  stm32f4xx_it.o(.text)
    UsageFault_Handler                       0x0800d0a1   Thumb Code     2  stm32f4xx_it.o(.text)
    SVC_Handler                              0x0800d0a3   Thumb Code     2  stm32f4xx_it.o(.text)
    DebugMon_Handler                         0x0800d0a5   Thumb Code     2  stm32f4xx_it.o(.text)
    PendSV_Handler                           0x0800d0a7   Thumb Code     2  stm32f4xx_it.o(.text)
    SysTick_Handler                          0x0800d0a9   Thumb Code    14  stm32f4xx_it.o(.text)
    ADC_IRQHandler                           0x0800d0b7   Thumb Code    42  stm32f4xx_it.o(.text)
    convertTempData                          0x0800d0e1   Thumb Code    40  stm32f4xx_it.o(.text)
    checkStopStartCondition                  0x0800d109   Thumb Code    86  stm32f4xx_it.o(.text)
    convertAccData                           0x0800d15f   Thumb Code    26  stm32f4xx_it.o(.text)
    convertGyroData                          0x0800d179   Thumb Code    18  stm32f4xx_it.o(.text)
    TIM2_IRQHandler                          0x0800d18b   Thumb Code   398  stm32f4xx_it.o(.text)
    USART1_IRQHandler                        0x0800d319   Thumb Code   104  stm32f4xx_it.o(.text)
    TIM3_IRQHandler                          0x0800d381   Thumb Code    26  stm32f4xx_it.o(.text)
    TIM4_IRQHandler                          0x0800d39b   Thumb Code   128  stm32f4xx_it.o(.text)
    OTG_FS_IRQHandler                        0x0800d41b   Thumb Code     6  stm32f4xx_it.o(.text)
    convertMagnetData                        0x0800d421   Thumb Code    30  stm32f4xx_it.o(.text)
    getLength                                0x0800d43f   Thumb Code    14  stm32f4xx_it.o(.text)
    HAL_MspInit                              0x0800d4d9   Thumb Code   126  stm32f4xx_hal_msp.o(.text)
    HAL_ADC_MspInit                          0x0800d557   Thumb Code   124  stm32f4xx_hal_msp.o(.text)
    HAL_ADC_MspDeInit                        0x0800d5d3   Thumb Code    48  stm32f4xx_hal_msp.o(.text)
    HAL_DAC_MspInit                          0x0800d603   Thumb Code    56  stm32f4xx_hal_msp.o(.text)
    HAL_DAC_MspDeInit                        0x0800d63b   Thumb Code    30  stm32f4xx_hal_msp.o(.text)
    HAL_I2C_MspInit                          0x0800d659   Thumb Code    62  stm32f4xx_hal_msp.o(.text)
    HAL_I2C_MspDeInit                        0x0800d697   Thumb Code    30  stm32f4xx_hal_msp.o(.text)
    HAL_TIM_Base_MspInit                     0x0800d6b5   Thumb Code   136  stm32f4xx_hal_msp.o(.text)
    HAL_TIM_Base_MspDeInit                   0x0800d73d   Thumb Code    68  stm32f4xx_hal_msp.o(.text)
    HAL_UART_MspInit                         0x0800d781   Thumb Code    78  stm32f4xx_hal_msp.o(.text)
    HAL_UART_MspDeInit                       0x0800d7cf   Thumb Code    42  stm32f4xx_hal_msp.o(.text)
    stopWheelchair                           0x0800d821   Thumb Code    36  wheelchair.o(.text)
    Wheelchair                               0x0800d845   Thumb Code   408  wheelchair.o(.text)
    RestartI2C1                              0x0800d9ed   Thumb Code    62  restarti2c1.o(.text)
    __aeabi_uldivmod                         0x0800da31   Thumb Code    98  uldiv.o(.text)
    __aeabi_memcpy                           0x0800da93   Thumb Code    36  memcpya.o(.text)
    __aeabi_memcpy4                          0x0800da93   Thumb Code     0  memcpya.o(.text)
    __aeabi_memcpy8                          0x0800da93   Thumb Code     0  memcpya.o(.text)
    __aeabi_memset                           0x0800dab7   Thumb Code    14  memseta.o(.text)
    __aeabi_memset4                          0x0800dab7   Thumb Code     0  memseta.o(.text)
    __aeabi_memset8                          0x0800dab7   Thumb Code     0  memseta.o(.text)
    __aeabi_memclr                           0x0800dac5   Thumb Code     4  memseta.o(.text)
    __aeabi_memclr4                          0x0800dac5   Thumb Code     0  memseta.o(.text)
    __aeabi_memclr8                          0x0800dac5   Thumb Code     0  memseta.o(.text)
    _memset$wrapper                          0x0800dac9   Thumb Code    18  memseta.o(.text)
    strlen                                   0x0800dadb   Thumb Code    14  strlen.o(.text)
    __aeabi_dadd                             0x0800dae9   Thumb Code   322  dadd.o(.text)
    __aeabi_dsub                             0x0800dc2b   Thumb Code     6  dadd.o(.text)
    __aeabi_drsub                            0x0800dc31   Thumb Code     6  dadd.o(.text)
    __aeabi_dmul                             0x0800dc37   Thumb Code   228  dmul.o(.text)
    __aeabi_ddiv                             0x0800dd1b   Thumb Code   222  ddiv.o(.text)
    __aeabi_i2d                              0x0800ddf9   Thumb Code    34  dflti.o(.text)
    __aeabi_ui2d                             0x0800de1b   Thumb Code    26  dfltui.o(.text)
    __aeabi_d2iz                             0x0800de35   Thumb Code    62  dfixi.o(.text)
    __aeabi_d2uiz                            0x0800de73   Thumb Code    50  dfixui.o(.text)
    __aeabi_f2d                              0x0800dea5   Thumb Code    38  f2d.o(.text)
    __aeabi_d2f                              0x0800decb   Thumb Code    56  d2f.o(.text)
    __aeabi_llsl                             0x0800df03   Thumb Code    30  llshl.o(.text)
    _ll_shift_l                              0x0800df03   Thumb Code     0  llshl.o(.text)
    __aeabi_llsr                             0x0800df21   Thumb Code    32  llushr.o(.text)
    _ll_ushift_r                             0x0800df21   Thumb Code     0  llushr.o(.text)
    __aeabi_lasr                             0x0800df41   Thumb Code    36  llsshr.o(.text)
    _ll_sshift_r                             0x0800df41   Thumb Code     0  llsshr.o(.text)
    __I$use$fp                               0x0800df65   Thumb Code     0  iusefp.o(.text)
    _float_round                             0x0800df65   Thumb Code    18  fepilogue.o(.text)
    _float_epilogue                          0x0800df77   Thumb Code    92  fepilogue.o(.text)
    _double_round                            0x0800dfd3   Thumb Code    30  depilogue.o(.text)
    _double_epilogue                         0x0800dff1   Thumb Code   156  depilogue.o(.text)
    _dsqrt                                   0x0800e08d   Thumb Code   162  dsqrt.o(.text)
    __scatterload                            0x0800e131   Thumb Code    28  init.o(.text)
    __scatterload_rt2                        0x0800e131   Thumb Code     0  init.o(.text)
    __decompress                             0x0800e155   Thumb Code     0  __dczerorl2.o(.text)
    __decompress1                            0x0800e155   Thumb Code    86  __dczerorl2.o(.text)
    __ARM_fpclassify                         0x0800e1ab   Thumb Code    48  fpclassify.o(i.__ARM_fpclassify)
    __hardfp_acos                            0x0800e1e1   Thumb Code   738  acos.o(i.__hardfp_acos)
    __hardfp_atan                            0x0800e539   Thumb Code   622  atan.o(i.__hardfp_atan)
    __hardfp_atan2                           0x0800e811   Thumb Code   432  atan2.o(i.__hardfp_atan2)
    __hardfp_cos                             0x0800ea01   Thumb Code   180  cos.o(i.__hardfp_cos)
    __hardfp_sin                             0x0800eac9   Thumb Code   180  sin.o(i.__hardfp_sin)
    __hardfp_sqrt                            0x0800eb91   Thumb Code   122  sqrt.o(i.__hardfp_sqrt)
    __ieee754_rem_pio2                       0x0800ec11   Thumb Code   938  rred.o(i.__ieee754_rem_pio2)
    __kernel_cos                             0x0800f049   Thumb Code   322  cos_i.o(i.__kernel_cos)
    __kernel_poly                            0x0800f1b9   Thumb Code   248  poly.o(i.__kernel_poly)
    __kernel_sin                             0x0800f2b1   Thumb Code   280  sin_i.o(i.__kernel_sin)
    __mathlib_dbl_infnan                     0x0800f3e1   Thumb Code    20  dunder.o(i.__mathlib_dbl_infnan)
    __mathlib_dbl_infnan2                    0x0800f3f5   Thumb Code    20  dunder.o(i.__mathlib_dbl_infnan2)
    __mathlib_dbl_invalid                    0x0800f409   Thumb Code    24  dunder.o(i.__mathlib_dbl_invalid)
    __mathlib_dbl_underflow                  0x0800f429   Thumb Code    24  dunder.o(i.__mathlib_dbl_underflow)
    __scatterload_copy                       0x0800f449   Thumb Code    14  handlers.o(i.__scatterload_copy)
    __scatterload_null                       0x0800f457   Thumb Code     2  handlers.o(i.__scatterload_null)
    __scatterload_zeroinit                   0x0800f459   Thumb Code    14  handlers.o(i.__scatterload_zeroinit)
    __set_errno                              0x0800f469   Thumb Code     6  errno.o(i.__set_errno)
    atan                                     0x0800f475   Thumb Code    16  atan.o(i.atan)
    fabs                                     0x0800f485   Thumb Code    24  fabs.o(i.fabs)
    free                                     0x0800f49d   Thumb Code    76  malloc.o(i.free)
    malloc                                   0x0800f4ed   Thumb Code    92  malloc.o(i.malloc)
    sqrt                                     0x0800f559   Thumb Code   110  sqrt.o(i.sqrt)
    AHBPrescTable                            0x0800f5ce   Data          16  system_stm32f4xx.o(.constdata)
    APBPrescTable                            0x0800f5de   Data           8  system_stm32f4xx.o(.constdata)
    __mathlib_zero                           0x0800f700   Data           8  qnan.o(.constdata)
    Region$$Table$$Base                      0x0800f7f8   Number         0  anon$$obj.o(Region$$Table)
    Region$$Table$$Limit                     0x0800f818   Number         0  anon$$obj.o(Region$$Table)
    q0                                       0x20000000   Data           4  reorientation_1.o(.data)
    q1                                       0x20000004   Data           4  reorientation_1.o(.data)
    q2                                       0x20000008   Data           4  reorientation_1.o(.data)
    q3                                       0x2000000c   Data           4  reorientation_1.o(.data)
    uwTickFreq                               0x2000003c   Data           1  stm32f4xx_hal.o(.data)
    uwTickPrio                               0x20000040   Data           4  stm32f4xx_hal.o(.data)
    uwTick                                   0x20000044   Data           4  stm32f4xx_hal.o(.data)
    SystemCoreClock                          0x20000048   Data           4  system_stm32f4xx.o(.data)
    USBD_HID                                 0x20000050   Data          56  usbd_hid.o(.data)
    switchMode                               0x2000010e   Data           1  main.o(.data)
    IntGyroData                              0x20000110   Data           8  main.o(.data)
    FS_Desc                                  0x20000118   Data          28  usbd_desc.o(.data)
    USBD_LangIDDesc                          0x20000134   Data           4  usbd_desc.o(.data)
    USBD_FS_DeviceDesc                       0x20000138   Data          18  usbd_desc.o(.data)
    ADC_data                                 0x20000154   Data           4  stm32f4xx_it.o(.data)
    MagnetSens                               0x20000158   Data           3  stm32f4xx_it.o(.data)
    __microlib_freelist                      0x2000015c   Data           4  mvars.o(.data)
    __microlib_freelist_initialised          0x20000160   Data           4  mvars.o(.data)
    huart1                                   0x20000168   Data          64  main.o(.bss)
    hadc1                                    0x200001a8   Data          72  main.o(.bss)
    hadc3                                    0x200001f0   Data          72  main.o(.bss)
    hdac                                     0x20000238   Data          20  main.o(.bss)
    hi2c1                                    0x2000024c   Data          84  main.o(.bss)
    htim2                                    0x200002a0   Data          60  main.o(.bss)
    htim3                                    0x200002dc   Data          60  main.o(.bss)
    htim4                                    0x20000318   Data          60  main.o(.bss)
    IntAccData                               0x20000354   Data          12  main.o(.bss)
    hUsbDeviceFS                             0x20000360   Data         548  usb_device.o(.bss)
    hpcd_USB_OTG_FS                          0x20000584   Data        1008  usbd_conf.o(.bss)
    USBD_StrDesc                             0x20000974   Data         512  usbd_desc.o(.bss)
    Kalman                                   0x20000b74   Data          32  stm32f4xx_it.o(.bss)
    finangl                                  0x20000b94   Data          12  stm32f4xx_it.o(.bss)
    finish                                   0x20000ba0   Data          36  stm32f4xx_it.o(.bss)
    accelAngle                               0x20000bc4   Data          12  stm32f4xx_it.o(.bss)
    azimuth                                  0x20000bd0   Data          10  stm32f4xx_it.o(.bss)
    buffer                                   0x20000bda   Data          10  stm32f4xx_it.o(.bss)
    __heap_base                              0x20000be8   Data           0  startup_stm32f407xx.o(HEAP)
    __heap_limit                             0x20000de8   Data           0  startup_stm32f407xx.o(HEAP)
    __initial_sp                             0x200011e8   Data           0  startup_stm32f407xx.o(STACK)



==============================================================================

Memory Map of the image

  Image Entry point : 0x08000189

  Load Region LR_IROM1 (Base: 0x08000000, Size: 0x0000f980, Max: 0x00100000, ABSOLUTE, COMPRESSED[0x0000f8e4])

    Execution Region ER_IROM1 (Exec base: 0x08000000, Load base: 0x08000000, Size: 0x0000f818, Max: 0x00100000, ABSOLUTE)

    Exec Addr    Load Addr    Size         Type   Attr      Idx    E Section Name        Object

    0x08000000   0x08000000   0x00000188   Data   RO            3    RESET               startup_stm32f407xx.o
    0x08000188   0x08000188   0x00000000   Code   RO         1405  * .ARM.Collect$$$$00000000  mc_w.l(entry.o)
    0x08000188   0x08000188   0x00000004   Code   RO         1517    .ARM.Collect$$$$00000001  mc_w.l(entry2.o)
    0x0800018c   0x0800018c   0x00000004   Code   RO         1520    .ARM.Collect$$$$00000004  mc_w.l(entry5.o)
    0x08000190   0x08000190   0x00000000   Code   RO         1522    .ARM.Collect$$$$00000008  mc_w.l(entry7b.o)
    0x08000190   0x08000190   0x00000000   Code   RO         1524    .ARM.Collect$$$$0000000A  mc_w.l(entry8b.o)
    0x08000190   0x08000190   0x00000008   Code   RO         1525    .ARM.Collect$$$$0000000B  mc_w.l(entry9a.o)
    0x08000198   0x08000198   0x00000000   Code   RO         1527    .ARM.Collect$$$$0000000D  mc_w.l(entry10a.o)
    0x08000198   0x08000198   0x00000000   Code   RO         1529    .ARM.Collect$$$$0000000F  mc_w.l(entry11a.o)
    0x08000198   0x08000198   0x00000004   Code   RO         1518    .ARM.Collect$$$$00002712  mc_w.l(entry2.o)
    0x0800019c   0x0800019c   0x00000024   Code   RO            4    .text               startup_stm32f407xx.o
    0x080001c0   0x080001c0   0x000002a4   Code   RO           13    .text               reorientation_1.o
    0x08000464   0x08000464   0x00000996   Code   RO          168    .text               stm32f4xx_hal_pcd.o
    0x08000dfa   0x08000dfa   0x0000004a   Code   RO          192    .text               stm32f4xx_hal_pcd_ex.o
    0x08000e44   0x08000e44   0x000011e4   Code   RO          216    .text               stm32f4xx_ll_usb.o
    0x08002028   0x08002028   0x00000a14   Code   RO          241    .text               stm32f4xx_hal_adc.o
    0x08002a3c   0x08002a3c   0x00000720   Code   RO          265    .text               stm32f4xx_hal_adc_ex.o
    0x0800315c   0x0800315c   0x00000328   Code   RO          289    .text               stm32f4xx_hal_dac.o
    0x08003484   0x08003484   0x000000c6   Code   RO          313    .text               stm32f4xx_hal_dac_ex.o
    0x0800354a   0x0800354a   0x00000002   PAD
    0x0800354c   0x0800354c   0x00002de4   Code   RO          337    .text               stm32f4xx_hal_i2c.o
    0x08006330   0x08006330   0x00002066   Code   RO          379    .text               stm32f4xx_hal_tim.o
    0x08008396   0x08008396   0x00000002   PAD
    0x08008398   0x08008398   0x00000ad8   Code   RO          403    .text               stm32f4xx_hal_tim_ex.o
    0x08008e70   0x08008e70   0x00000718   Code   RO          427    .text               stm32f4xx_hal_rcc.o
    0x08009588   0x08009588   0x00000334   Code   RO          545    .text               stm32f4xx_hal_gpio.o
    0x080098bc   0x080098bc   0x00000714   Code   RO          593    .text               stm32f4xx_hal_dma.o
    0x08009fd0   0x08009fd0   0x00000270   Code   RO          666    .text               stm32f4xx_hal_cortex.o
    0x0800a240   0x0800a240   0x000001b8   Code   RO          694    .text               stm32f4xx_hal.o
    0x0800a3f8   0x0800a3f8   0x000010fc   Code   RO          721    .text               stm32f4xx_hal_uart.o
    0x0800b4f4   0x0800b4f4   0x000000d8   Code   RO          745    .text               system_stm32f4xx.o
    0x0800b5cc   0x0800b5cc   0x000002ce   Code   RO          777    .text               usbd_core.o
    0x0800b89a   0x0800b89a   0x00000002   PAD
    0x0800b89c   0x0800b89c   0x00000528   Code   RO          822    .text               usbd_ctlreq.o
    0x0800bdc4   0x0800bdc4   0x0000008e   Code   RO          847    .text               usbd_ioreq.o
    0x0800be52   0x0800be52   0x00000002   PAD
    0x0800be54   0x0800be54   0x00000148   Code   RO          871    .text               usbd_hid.o
    0x0800bf9c   0x0800bf9c   0x00000334   Code   RO          906    .text               mpu6050.o
    0x0800c2d0   0x0800c2d0   0x000002b0   Code   RO          963    .text               accelangle.o
    0x0800c580   0x0800c580   0x00000036   Code   RO          978    .text               kalmanfilter.o
    0x0800c5b6   0x0800c5b6   0x00000022   Code   RO          993    .text               complimentaryfilter.o
    0x0800c5d8   0x0800c5d8   0x000005b8   Code   RO         1072    .text               main.o
    0x0800cb90   0x0800cb90   0x0000002c   Code   RO         1112    .text               usb_device.o
    0x0800cbbc   0x0800cbbc   0x000003d8   Code   RO         1142    .text               usbd_conf.o
    0x0800cf94   0x0800cf94   0x00000104   Code   RO         1169    .text               usbd_desc.o
    0x0800d098   0x0800d098   0x00000440   Code   RO         1201    .text               stm32f4xx_it.o
    0x0800d4d8   0x0800d4d8   0x00000348   Code   RO         1246    .text               stm32f4xx_hal_msp.o
    0x0800d820   0x0800d820   0x000001cc   Code   RO         1270    .text               wheelchair.o
    0x0800d9ec   0x0800d9ec   0x00000044   Code   RO         1322    .text               restarti2c1.o
    0x0800da30   0x0800da30   0x00000062   Code   RO         1408    .text               mc_w.l(uldiv.o)
    0x0800da92   0x0800da92   0x00000024   Code   RO         1410    .text               mc_w.l(memcpya.o)
    0x0800dab6   0x0800dab6   0x00000024   Code   RO         1412    .text               mc_w.l(memseta.o)
    0x0800dada   0x0800dada   0x0000000e   Code   RO         1414    .text               mc_w.l(strlen.o)
    0x0800dae8   0x0800dae8   0x0000014e   Code   RO         1446    .text               mf_w.l(dadd.o)
    0x0800dc36   0x0800dc36   0x000000e4   Code   RO         1448    .text               mf_w.l(dmul.o)
    0x0800dd1a   0x0800dd1a   0x000000de   Code   RO         1450    .text               mf_w.l(ddiv.o)
    0x0800ddf8   0x0800ddf8   0x00000022   Code   RO         1454    .text               mf_w.l(dflti.o)
    0x0800de1a   0x0800de1a   0x0000001a   Code   RO         1456    .text               mf_w.l(dfltui.o)
    0x0800de34   0x0800de34   0x0000003e   Code   RO         1458    .text               mf_w.l(dfixi.o)
    0x0800de72   0x0800de72   0x00000032   Code   RO         1460    .text               mf_w.l(dfixui.o)
    0x0800dea4   0x0800dea4   0x00000026   Code   RO         1462    .text               mf_w.l(f2d.o)
    0x0800deca   0x0800deca   0x00000038   Code   RO         1464    .text               mf_w.l(d2f.o)
    0x0800df02   0x0800df02   0x0000001e   Code   RO         1531    .text               mc_w.l(llshl.o)
    0x0800df20   0x0800df20   0x00000020   Code   RO         1533    .text               mc_w.l(llushr.o)
    0x0800df40   0x0800df40   0x00000024   Code   RO         1535    .text               mc_w.l(llsshr.o)
    0x0800df64   0x0800df64   0x00000000   Code   RO         1546    .text               mc_w.l(iusefp.o)
    0x0800df64   0x0800df64   0x0000006e   Code   RO         1547    .text               mf_w.l(fepilogue.o)
    0x0800dfd2   0x0800dfd2   0x000000ba   Code   RO         1549    .text               mf_w.l(depilogue.o)
    0x0800e08c   0x0800e08c   0x000000a2   Code   RO         1551    .text               mf_w.l(dsqrt.o)
    0x0800e12e   0x0800e12e   0x00000002   PAD
    0x0800e130   0x0800e130   0x00000024   Code   RO         1557    .text               mc_w.l(init.o)
    0x0800e154   0x0800e154   0x00000056   Code   RO         1567    .text               mc_w.l(__dczerorl2.o)
    0x0800e1aa   0x0800e1aa   0x00000030   Code   RO         1555    i.__ARM_fpclassify  m_wm.l(fpclassify.o)
    0x0800e1da   0x0800e1da   0x00000006   PAD
    0x0800e1e0   0x0800e1e0   0x00000358   Code   RO         1343    i.__hardfp_acos     m_wm.l(acos.o)
    0x0800e538   0x0800e538   0x000002d8   Code   RO         1466    i.__hardfp_atan     m_wm.l(atan.o)
    0x0800e810   0x0800e810   0x000001f0   Code   RO         1357    i.__hardfp_atan2    m_wm.l(atan2.o)
    0x0800ea00   0x0800ea00   0x000000c8   Code   RO         1369    i.__hardfp_cos      m_wm.l(cos.o)
    0x0800eac8   0x0800eac8   0x000000c8   Code   RO         1381    i.__hardfp_sin      m_wm.l(sin.o)
    0x0800eb90   0x0800eb90   0x0000007a   Code   RO         1393    i.__hardfp_sqrt     m_wm.l(sqrt.o)
    0x0800ec0a   0x0800ec0a   0x00000006   PAD
    0x0800ec10   0x0800ec10   0x00000438   Code   RO         1506    i.__ieee754_rem_pio2  m_wm.l(rred.o)
    0x0800f048   0x0800f048   0x00000170   Code   RO         1480    i.__kernel_cos      m_wm.l(cos_i.o)
    0x0800f1b8   0x0800f1b8   0x000000f8   Code   RO         1503    i.__kernel_poly     m_wm.l(poly.o)
    0x0800f2b0   0x0800f2b0   0x00000130   Code   RO         1511    i.__kernel_sin      m_wm.l(sin_i.o)
    0x0800f3e0   0x0800f3e0   0x00000014   Code   RO         1484    i.__mathlib_dbl_infnan  m_wm.l(dunder.o)
    0x0800f3f4   0x0800f3f4   0x00000014   Code   RO         1485    i.__mathlib_dbl_infnan2  m_wm.l(dunder.o)
    0x0800f408   0x0800f408   0x00000020   Code   RO         1486    i.__mathlib_dbl_invalid  m_wm.l(dunder.o)
    0x0800f428   0x0800f428   0x00000020   Code   RO         1489    i.__mathlib_dbl_underflow  m_wm.l(dunder.o)
    0x0800f448   0x0800f448   0x0000000e   Code   RO         1561    i.__scatterload_copy  mc_w.l(handlers.o)
    0x0800f456   0x0800f456   0x00000002   Code   RO         1562    i.__scatterload_null  mc_w.l(handlers.o)
    0x0800f458   0x0800f458   0x0000000e   Code   RO         1563    i.__scatterload_zeroinit  mc_w.l(handlers.o)
    0x0800f466   0x0800f466   0x00000002   PAD
    0x0800f468   0x0800f468   0x0000000c   Code   RO         1541    i.__set_errno       mc_w.l(errno.o)
    0x0800f474   0x0800f474   0x00000010   Code   RO         1468    i.atan              m_wm.l(atan.o)
    0x0800f484   0x0800f484   0x00000018   Code   RO         1499    i.fabs              m_wm.l(fabs.o)
    0x0800f49c   0x0800f49c   0x00000050   Code   RO         1418    i.free              mc_w.l(malloc.o)
    0x0800f4ec   0x0800f4ec   0x0000006c   Code   RO         1419    i.malloc            mc_w.l(malloc.o)
    0x0800f558   0x0800f558   0x0000006e   Code   RO         1395    i.sqrt              m_wm.l(sqrt.o)
    0x0800f5c6   0x0800f5c6   0x00000008   Data   RO          594    .constdata          stm32f4xx_hal_dma.o
    0x0800f5ce   0x0800f5ce   0x00000010   Data   RO          746    .constdata          system_stm32f4xx.o
    0x0800f5de   0x0800f5de   0x00000008   Data   RO          747    .constdata          system_stm32f4xx.o
    0x0800f5e6   0x0800f5e6   0x00000002   PAD
    0x0800f5e8   0x0800f5e8   0x00000050   Data   RO         1346    .constdata          m_wm.l(acos.o)
    0x0800f638   0x0800f638   0x00000098   Data   RO         1469    .constdata          m_wm.l(atan.o)
    0x0800f6d0   0x0800f6d0   0x00000030   Data   RO         1481    .constdata          m_wm.l(cos_i.o)
    0x0800f700   0x0800f700   0x00000008   Data   RO         1505    .constdata          m_wm.l(qnan.o)
    0x0800f708   0x0800f708   0x000000c8   Data   RO         1508    .constdata          m_wm.l(rred.o)
    0x0800f7d0   0x0800f7d0   0x00000028   Data   RO         1512    .constdata          m_wm.l(sin_i.o)
    0x0800f7f8   0x0800f7f8   0x00000020   Data   RO         1559    Region$$Table       anon$$obj.o


    Execution Region RW_IRAM1 (Exec base: 0x20000000, Load base: 0x0800f818, Size: 0x000011e8, Max: 0x00020000, ABSOLUTE, COMPRESSED[0x000000cc])

    Exec Addr    Load Addr    Size         Type   Attr      Idx    E Section Name        Object

    0x20000000   COMPRESSED   0x00000038   Data   RW           14    .data               reorientation_1.o
    0x20000038   COMPRESSED   0x00000004   Data   RW          217    .data               stm32f4xx_ll_usb.o
    0x2000003c   COMPRESSED   0x0000000c   Data   RW          695    .data               stm32f4xx_hal.o
    0x20000048   COMPRESSED   0x00000004   Data   RW          748    .data               system_stm32f4xx.o
    0x2000004c   COMPRESSED   0x00000001   Data   RW          823    .data               usbd_ctlreq.o
    0x2000004d   COMPRESSED   0x00000003   PAD
    0x20000050   COMPRESSED   0x00000038   Data   RW          872    .data               usbd_hid.o
    0x20000088   COMPRESSED   0x00000086   Data   RW          873    .data               usbd_hid.o
    0x2000010e   COMPRESSED   0x00000001   Data   RW         1075    .data               main.o
    0x2000010f   COMPRESSED   0x00000001   PAD
    0x20000110   COMPRESSED   0x00000008   Data   RW         1076    .data               main.o
    0x20000118   COMPRESSED   0x0000001c   Data   RW         1171    .data               usbd_desc.o
    0x20000134   COMPRESSED   0x00000016   Data   RW         1172    .data               usbd_desc.o
    0x2000014a   COMPRESSED   0x00000002   PAD
    0x2000014c   COMPRESSED   0x0000000c   Data   RW         1203    .data               stm32f4xx_it.o
    0x20000158   COMPRESSED   0x00000003   Data   RW         1205    .data               stm32f4xx_it.o
    0x2000015b   COMPRESSED   0x00000001   PAD
    0x2000015c   COMPRESSED   0x00000004   Data   RW         1537    .data               mc_w.l(mvars.o)
    0x20000160   COMPRESSED   0x00000004   Data   RW         1538    .data               mc_w.l(mvars.o)
    0x20000164   COMPRESSED   0x00000004   Data   RW         1542    .data               mc_w.l(errno.o)
    0x20000168        -       0x000001ec   Zero   RW         1073    .bss                main.o
    0x20000354        -       0x0000000c   Zero   RW         1074    .bss                main.o
    0x20000360        -       0x00000224   Zero   RW         1113    .bss                usb_device.o
    0x20000584        -       0x000003f0   Zero   RW         1143    .bss                usbd_conf.o
    0x20000974        -       0x00000200   Zero   RW         1170    .bss                usbd_desc.o
    0x20000b74        -       0x00000070   Zero   RW         1202    .bss                stm32f4xx_it.o
    0x20000be4   COMPRESSED   0x00000004   PAD
    0x20000be8        -       0x00000200   Zero   RW            2    HEAP                startup_stm32f407xx.o
    0x20000de8        -       0x00000400   Zero   RW            1    STACK               startup_stm32f407xx.o


==============================================================================

Image component sizes


      Code (inc. data)   RO Data    RW Data    ZI Data      Debug   Object Name

       688         28          0          0          0       2155   accelangle.o
        34          0          0          0          0        792   complimentaryfilter.o
        54          0          0          0          0       1695   kalmanfilter.o
      1464        110          0          9        504      16347   main.o
       820         10          0          0          0      17342   mpu6050.o
       676          8          0         56          0     729006   reorientation_1.o
        68          6          0          0          0       1082   restarti2c1.o
        36          8        392          0       1536        956   startup_stm32f407xx.o
       440         34          0         12          0       6104   stm32f4xx_hal.o
      2580         72          0          0          0       8967   stm32f4xx_hal_adc.o
      1824         42          0          0          0       6790   stm32f4xx_hal_adc_ex.o
       624         10          0          0          0      32934   stm32f4xx_hal_cortex.o
       808         26          0          0          0       6635   stm32f4xx_hal_dac.o
       198          0          0          0          0       3889   stm32f4xx_hal_dac_ex.o
      1812         26          8          0          0       7933   stm32f4xx_hal_dma.o
       820         46          0          0          0       4255   stm32f4xx_hal_gpio.o
     11748        154          0          0          0      37750   stm32f4xx_hal_i2c.o
       840         40          0          0          0       3812   stm32f4xx_hal_msp.o
      2454         72          0          0          0      11159   stm32f4xx_hal_pcd.o
        74          0          0          0          0       1758   stm32f4xx_hal_pcd_ex.o
      1816         56          0          0          0       6375   stm32f4xx_hal_rcc.o
      8294        136          0          0          0      34350   stm32f4xx_hal_tim.o
      2776         22          0          0          0      12666   stm32f4xx_hal_tim_ex.o
      4348         48          0          0          0      17348   stm32f4xx_hal_uart.o
      1088        140          0         15        112       6511   stm32f4xx_it.o
      4580         68          0          4          0      15273   stm32f4xx_ll_usb.o
       216         30         24          4          0       1921   system_stm32f4xx.o
        44         14          0          0        548        960   usb_device.o
       984         38          0          0       1008       8738   usbd_conf.o
       718          0          0          0          0      10697   usbd_core.o
      1320         28          0          1          0       6058   usbd_ctlreq.o
       260         98          0         50        512       3767   usbd_desc.o
       328          4          0        190          0       5177   usbd_hid.o
       142          0          0          0          0       2754   usbd_ioreq.o
       460         16          0          0          0       1732   wheelchair.o

    ----------------------------------------------------------------------
     55444       1390        458        348       4224    1035688   Object Totals
         0          0         32          0          0          0   (incl. Generated)
         8          0          2          7          4          0   (incl. Padding)

    ----------------------------------------------------------------------

      Code (inc. data)   RO Data    RW Data    ZI Data      Debug   Library Member Name

       856        118         80          0          0        288   acos.o
       744        106        152          0          0        352   atan.o
       496         64          0          0          0        192   atan2.o
       200         20          0          0          0        164   cos.o
       368         46         48          0          0        200   cos_i.o
       104         16          0          0          0        496   dunder.o
        24          0          0          0          0        124   fabs.o
        48          0          0          0          0        124   fpclassify.o
       248          0          0          0          0        152   poly.o
         0          0          8          0          0          0   qnan.o
      1080        142        200          0          0        188   rred.o
       200         20          0          0          0        164   sin.o
       304         24         40          0          0        208   sin_i.o
       232          0          0          0          0        296   sqrt.o
        86          0          0          0          0          0   __dczerorl2.o
         0          0          0          0          0          0   entry.o
         0          0          0          0          0          0   entry10a.o
         0          0          0          0          0          0   entry11a.o
         8          4          0          0          0          0   entry2.o
         4          0          0          0          0          0   entry5.o
         0          0          0          0          0          0   entry7b.o
         0          0          0          0          0          0   entry8b.o
         8          4          0          0          0          0   entry9a.o
        12          6          0          4          0         68   errno.o
        30          0          0          0          0          0   handlers.o
        36          8          0          0          0         68   init.o
         0          0          0          0          0          0   iusefp.o
        30          0          0          0          0         68   llshl.o
        36          0          0          0          0         68   llsshr.o
        32          0          0          0          0         68   llushr.o
       188         20          0          0          0        160   malloc.o
        36          0          0          0          0         68   memcpya.o
        36          0          0          0          0        108   memseta.o
         0          0          0          8          0          0   mvars.o
        14          0          0          0          0         68   strlen.o
        98          0          0          0          0         92   uldiv.o
        56          0          0          0          0         88   d2f.o
       334          0          0          0          0        148   dadd.o
       222          0          0          0          0        100   ddiv.o
       186          0          0          0          0        176   depilogue.o
        62          0          0          0          0         80   dfixi.o
        50          0          0          0          0         76   dfixui.o
        34          0          0          0          0         76   dflti.o
        26          0          0          0          0         76   dfltui.o
       228          0          0          0          0         96   dmul.o
       162          0          0          0          0        100   dsqrt.o
        38          0          0          0          0         68   f2d.o
       110          0          0          0          0        168   fepilogue.o

    ----------------------------------------------------------------------
      7082        598        528         12          0       5036   Library Totals
        16          0          0          0          0          0   (incl. Padding)

    ----------------------------------------------------------------------

      Code (inc. data)   RO Data    RW Data    ZI Data      Debug   Library Name

      4904        556        528          0          0       2948   m_wm.l
       654         42          0         12          0        836   mc_w.l
      1508          0          0          0          0       1252   mf_w.l

    ----------------------------------------------------------------------
      7082        598        528         12          0       5036   Library Totals

    ----------------------------------------------------------------------

==============================================================================


      Code (inc. data)   RO Data    RW Data    ZI Data      Debug   

     62526       1988        986        360       4224    1030068   Grand Totals
     62526       1988        986        204       4224    1030068   ELF Image Totals (compressed)
     62526       1988        986        204          0          0   ROM Totals

==============================================================================

    Total RO  Size (Code + RO Data)                63512 (  62.02kB)
    Total RW  Size (RW Data + ZI Data)              4584 (   4.48kB)
    Total ROM Size (Code + RO Data + RW Data)      63716 (  62.22kB)

==============================================================================

